[job] CWD=/lustre07/scratch/aymenoml/system-utility-cifar10
[job] Found Model/mlp_client_selector.h5
=== Federated Server Started ===
[server] CWD = /lustre07/scratch/aymenoml/system-utility-cifar10
Total processes: 11 (1 server + 10 clients)

Loading data from .npy files...
Training set: (50000, 32, 32, 3), Labels: (50000, 10)
Test set:     (10000, 32, 32, 3), Labels: (10000, 10)
[selector] Loaded MLP (threshold=0.5)
[selector] ENFORCE = True

===== Round 1 =====
Broadcasting global model to all clients...
    [Client 2] Initializing...
    [Client 2] Starting on host: ng10610
    [Client 9] Initializing...
    [Client 9] Starting on host: ng30701
Loading data from .npy files...
Loading data from .npy files...
    [Client 5] Initializing...
    [Client 5] Starting on host: ng10807
Loading data from .npy files...
    [Client 6] Initializing...
    [Client 6] Starting on host: ng10901
Loading data from .npy files...
    [Client 10] Initializing...
    [Client 10] Starting on host: ng30702
Loading data from .npy files...
Training set: (50000, 32, 32, 3), Labels: (50000, 1)
Test set:     (10000, 32, 32, 3), Labels: (10000, 1)
Training set: (50000, 32, 32, 3), Labels: (50000, 1)
Test set:     (10000, 32, 32, 3), Labels: (10000, 1)
Training set: (50000, 32, 32, 3), Labels: (50000, 1)
Test set:     (10000, 32, 32, 3), Labels: (10000, 1)
Training set: (50000, 32, 32, 3), Labels: (50000, 1)
Test set:     (10000, 32, 32, 3), Labels: (10000, 1)
Training set: (50000, 32, 32, 3), Labels: (50000, 1)
Test set:     (10000, 32, 32, 3), Labels: (10000, 1)
    [Client 1] Initializing...
    [Client 1] Starting on host: ng10603
Loading data from .npy files...
Training set: (50000, 32, 32, 3), Labels: (50000, 1)
Test set:     (10000, 32, 32, 3), Labels: (10000, 1)
[Client 1] Generated proportions: [0.00159172 0.0082073  0.09745096 0.21789111 0.22524761 0.00246279
 0.14827644 0.00184764 0.08108468 0.21593975]
[Client 2] Assigned 410 samples (from 79 to 489)
[Client 1] Assigned 79 samples (from 0 to 79)
    [Client 8] Initializing...
    [Client 8] Starting on host: ng10906
Loading data from .npy files...
Training set: (50000, 32, 32, 3), Labels: (50000, 1)
Test set:     (10000, 32, 32, 3), Labels: (10000, 1)
    [Client 3] Initializing...
    [Client 3] Starting on host: ng10706
Loading data from .npy files...
Training set: (50000, 32, 32, 3), Labels: (50000, 1)
Test set:     (10000, 32, 32, 3), Labels: (10000, 1)
[Client 6] Assigned 123 samples (from 27519 to 27642)
[Client 9] Assigned 4055 samples (from 35148 to 39203)
[Client 3] Assigned 4873 samples (from 489 to 5362)
[Client 10] Assigned 10797 samples (from 39203 to 50000)
[Client 5] Assigned 11262 samples (from 16257 to 27519)
    [Client 7] Initializing...
    [Client 7] Starting on host: ng10904
Loading data from .npy files...
Training set: (50000, 32, 32, 3), Labels: (50000, 1)
Test set:     (10000, 32, 32, 3), Labels: (10000, 1)
[Client 7] Assigned 7414 samples (from 27642 to 35056)
    [Client 2] Round 1 - Waiting for global weights...
    [Client 1] Round 1 - Waiting for global weights...
    [Client 2] Round 1 - Training on local data...
    [Client 1] Round 1 - Training on local data...
    [Client 5] Round 1 - Waiting for global weights...
    [Client 9] Round 1 - Waiting for global weights...
    [Client 5] Round 1 - Training on local data...
    [Client 9] Round 1 - Training on local data...
    [Client 10] Round 1 - Waiting for global weights...
    [Client 6] Round 1 - Waiting for global weights...
    [Client 10] Round 1 - Training on local data...
    [Client 6] Round 1 - Training on local data...
    [Client 3] Round 1 - Waiting for global weights...
    [Client 3] Round 1 - Training on local data...
    [Client 4] Initializing...
    [Client 4] Starting on host: ng10711
Loading data from .npy files...
Training set: (50000, 32, 32, 3), Labels: (50000, 1)
Test set:     (10000, 32, 32, 3), Labels: (10000, 1)
[Client 8] Assigned 92 samples (from 35056 to 35148)
[Client 4] Assigned 10895 samples (from 5362 to 16257)
    [Client 7] Round 1 - Waiting for global weights...
    [Client 7] Round 1 - Training on local data...
    [Client 4] Round 1 - Waiting for global weights...
    [Client 8] Round 1 - Waiting for global weights...
Waiting for model weights from client 1...
    [Client 4] Round 1 - Training on local data...
    [Client 8] Round 1 - Training on local data...
    [Client 1] Round 1 - Sending updated weights to server...
Received weights from client 1
Waiting for model weights from client 2...
    [Client 2] Round 1 - Sending updated weights to server...
Received weights from client 2
Waiting for model weights from client 3...
    [Client 9] Round 1 - Sending updated weights to server...
    [Client 6] Round 1 - Sending updated weights to server...
    [Client 3] Round 1 - Sending updated weights to server...
Received weights from client 3
Waiting for model weights from client 4...
    [Client 5] Round 1 - Sending updated weights to server...
    [Client 8] Round 1 - Sending updated weights to server...
    [Client 4] Round 1 - Sending updated weights to server...
Received weights from client 4
Waiting for model weights from client 5...
Received weights from client 5
Waiting for model weights from client 6...
Received weights from client 6
Waiting for model weights from client 7...
    [Client 10] Round 1 - Sending updated weights to server...
    [Client 7] Round 1 - Sending updated weights to server...
Received weights from client 7
Waiting for model weights from client 8...
Received weights from client 8
Waiting for model weights from client 9...
Received weights from client 9
Waiting for model weights from client 10...
Received weights from client 10
Received system metrics from client 1: {'cpu_time': 88.43000000156462, 'ram_used_mb': 2860.920832, 'net_sent_bytes': 35377, 'net_recv_bytes': 45755, 'gpu_mem_used_mb': 38937.0, 'gpu_load': 0.0, 'client_rank': 1, 'round': 1, 'timestamp': '2025-08-18 15:11:59', 'participated': 1, 'data_size': 79, 'data_variance': 0.05915888771414757, 'local_loss': 3.0285415649414062, 'local_accuracy': 8.860759437084198, 'tn': -72, 'fp': 72, 'fn': 72, 'tp': 7, 'precision': 0.015773809523809523, 'recall': 0.095, 'f1': 0.02642521797451375}
Received system metrics from client 2: {'cpu_time': 88.98999999836087, 'ram_used_mb': 2876.739584, 'net_sent_bytes': 45695, 'net_recv_bytes': 92361, 'gpu_mem_used_mb': 38937.0, 'gpu_load': 0.0, 'client_rank': 2, 'round': 1, 'timestamp': '2025-08-18 15:11:59', 'participated': 1, 'data_size': 410, 'data_variance': 0.062497828155756, 'local_loss': 3.7052578926086426, 'local_accuracy': 10.975609719753265, 'tn': -365, 'fp': 365, 'fn': 365, 'tp': 45, 'precision': 0.11081081081081082, 'recall': 0.10192307692307692, 'f1': 0.023285780027611596}
Received system metrics from client 3: {'cpu_time': 56.88000000268221, 'ram_used_mb': 2914.996224, 'net_sent_bytes': 86575, 'net_recv_bytes': 133446, 'gpu_mem_used_mb': 38937.0, 'gpu_load': 0.0, 'client_rank': 3, 'round': 1, 'timestamp': '2025-08-18 15:12:01', 'participated': 1, 'data_size': 4873, 'data_variance': 0.06410827487707138, 'local_loss': 2.9293224811553955, 'local_accuracy': 11.122512072324753, 'tn': -4331, 'fp': 4331, 'fn': 4331, 'tp': 542, 'precision': 0.1784239166205549, 'recall': 0.10751440540422466, 'f1': 0.0333893569537668}
Received system metrics from client 4: {'cpu_time': 70.00999999977648, 'ram_used_mb': 3026.030592, 'net_sent_bytes': 108177, 'net_recv_bytes': 140327, 'gpu_mem_used_mb': 38937.0, 'gpu_load': 0.0, 'client_rank': 4, 'round': 1, 'timestamp': '2025-08-18 15:12:03', 'participated': 1, 'data_size': 10895, 'data_variance': 0.0633171796798706, 'local_loss': 2.5776913166046143, 'local_accuracy': 23.57044517993927, 'tn': -8328, 'fp': 8328, 'fn': 8328, 'tp': 2567, 'precision': 0.40416285630001825, 'recall': 0.23592128216305502, 'f1': 0.2009479977924503}
Received system metrics from client 5: {'cpu_time': 51.07999999821186, 'ram_used_mb': 3053.768704, 'net_sent_bytes': 5162, 'net_recv_bytes': 49804, 'gpu_mem_used_mb': 38937.0, 'gpu_load': 0.0, 'client_rank': 5, 'round': 1, 'timestamp': '2025-08-18 15:12:01', 'participated': 1, 'data_size': 11262, 'data_variance': 0.06341840326786041, 'local_loss': 2.075658082962036, 'local_accuracy': 30.269935727119446, 'tn': -7854, 'fp': 7854, 'fn': 7854, 'tp': 3408, 'precision': 0.4379912826447724, 'recall': 0.3034789933196159, 'f1': 0.28043144035193956}
Received system metrics from client 6: {'cpu_time': 115.3399999961257, 'ram_used_mb': 2837.54496, 'net_sent_bytes': 16224, 'net_recv_bytes': 55662, 'gpu_mem_used_mb': 38937.0, 'gpu_load': 0.0, 'client_rank': 6, 'round': 1, 'timestamp': '2025-08-18 15:12:00', 'participated': 1, 'data_size': 123, 'data_variance': 0.058492377400398254, 'local_loss': 3.276331901550293, 'local_accuracy': 15.447154641151428, 'tn': -104, 'fp': 104, 'fn': 104, 'tp': 19, 'precision': 0.01583333333333333, 'recall': 0.1, 'f1': 0.02733812949640288}
Received system metrics from client 7: {'cpu_time': 186.09000000008382, 'ram_used_mb': 2965.958656, 'net_sent_bytes': 900116, 'net_recv_bytes': 247817658, 'gpu_mem_used_mb': 38937.0, 'gpu_load': 0.0, 'client_rank': 7, 'round': 1, 'timestamp': '2025-08-18 15:12:06', 'participated': 1, 'data_size': 7414, 'data_variance': 0.06357138603925705, 'local_loss': 2.402392864227295, 'local_accuracy': 19.51712965965271, 'tn': -5967, 'fp': 5967, 'fn': 5967, 'tp': 1447, 'precision': 0.35365727925485924, 'recall': 0.19197336743795415, 'f1': 0.14342186111101934}
Received system metrics from client 8: {'cpu_time': 157.54000000003725, 'ram_used_mb': 2854.74816, 'net_sent_bytes': 54659, 'net_recv_bytes': 75653, 'gpu_mem_used_mb': 38937.0, 'gpu_load': 0.0, 'client_rank': 8, 'round': 1, 'timestamp': '2025-08-18 15:12:03', 'participated': 1, 'data_size': 92, 'data_variance': 0.06382410228252411, 'local_loss': 3.330758810043335, 'local_accuracy': 8.695652335882187, 'tn': -84, 'fp': 84, 'fn': 84, 'tp': 8, 'precision': 0.009876543209876543, 'recall': 0.07272727272727272, 'f1': 0.017391304347826084}
Received system metrics from client 9: {'cpu_time': 47.81000000052154, 'ram_used_mb': 2937.954304, 'net_sent_bytes': 2024, 'net_recv_bytes': 44137, 'gpu_mem_used_mb': 38937.0, 'gpu_load': 0.0, 'client_rank': 9, 'round': 1, 'timestamp': '2025-08-18 15:12:00', 'participated': 1, 'data_size': 4055, 'data_variance': 0.0626949816942215, 'local_loss': 2.821014404296875, 'local_accuracy': 15.487052500247955, 'tn': -3427, 'fp': 3427, 'fn': 3427, 'tp': 628, 'precision': 0.20629150141137184, 'recall': 0.1507226791209311, 'f1': 0.08406313886146108}
Received system metrics from client 10: {'cpu_time': 53.27000000001863, 'ram_used_mb': 3030.081536, 'net_sent_bytes': 941813, 'net_recv_bytes': 244570964, 'gpu_mem_used_mb': 38937.0, 'gpu_load': 0.0, 'client_rank': 10, 'round': 1, 'timestamp': '2025-08-18 15:12:04', 'participated': 1, 'data_size': 10797, 'data_variance': 0.062856025993824, 'local_loss': 1.7498962879180908, 'local_accuracy': 37.010279297828674, 'tn': -6801, 'fp': 6801, 'fn': 6801, 'tp': 3996, 'precision': 0.43367929685538076, 'recall': 0.36807066378267217, 'f1': 0.35136594553254386}
[selector] WARNING: missing features in metrics: ['confusion_mean']
[selector] ERROR at round 1: "['confusion_mean'] not in index"
[selector] Round 1: participants used in averaging = 10/10
Averaging model weights...
Evaluating updated global model on test set...
    [Client 2] Round 2 - Waiting for global weights...
    [Client 4] Round 2 - Waiting for global weights...
    [Client 1] Round 2 - Waiting for global weights...
    [Client 3] Round 2 - Waiting for global weights...
    [Client 5] Round 2 - Waiting for global weights...
    [Client 9] Round 2 - Waiting for global weights...
    [Client 8] Round 2 - Waiting for global weights...
    [Client 10] Round 2 - Waiting for global weights...
    [Client 6] Round 2 - Waiting for global weights...
    [Client 7] Round 2 - Waiting for global weights...
Round 1 Evaluation - Accuracy: 0.1133, Loss: 2.4341

===== Round 2 =====
Broadcasting global model to all clients...
Waiting for model weights from client 1...
    [Client 2] Round 2 - Training on local data...
    [Client 4] Round 2 - Training on local data...
    [Client 10] Round 2 - Training on local data...
    [Client 1] Round 2 - Training on local data...
    [Client 8] Round 2 - Training on local data...
    [Client 6] Round 2 - Training on local data...
    [Client 7] Round 2 - Training on local data...
    [Client 3] Round 2 - Training on local data...
    [Client 9] Round 2 - Training on local data...
    [Client 5] Round 2 - Training on local data...
    [Client 1] Round 2 - Sending updated weights to server...
Received weights from client 1
Waiting for model weights from client 2...
    [Client 6] Round 2 - Sending updated weights to server...
    [Client 8] Round 2 - Sending updated weights to server...
    [Client 9] Round 2 - Sending updated weights to server...
    [Client 3] Round 2 - Sending updated weights to server...
    [Client 10] Round 2 - Sending updated weights to server...
    [Client 5] Round 2 - Sending updated weights to server...
    [Client 7] Round 2 - Sending updated weights to server...
    [Client 4] Round 2 - Sending updated weights to server...
    [Client 2] Round 2 - Sending updated weights to server...
Received weights from client 2
Waiting for model weights from client 3...
Received weights from client 3
Waiting for model weights from client 4...
Received weights from client 4
Waiting for model weights from client 5...
Received weights from client 5
Waiting for model weights from client 6...
Received weights from client 6
Waiting for model weights from client 7...
Received weights from client 7
Waiting for model weights from client 8...
Received weights from client 8
Waiting for model weights from client 9...
Received weights from client 9
Waiting for model weights from client 10...
Received weights from client 10
Received system metrics from client 1: {'cpu_time': 67.23000000044703, 'ram_used_mb': 3069.353984, 'net_sent_bytes': 249, 'net_recv_bytes': 32215, 'gpu_mem_used_mb': 38939.0, 'gpu_load': 0.0, 'client_rank': 1, 'round': 2, 'timestamp': '2025-08-18 15:12:22', 'participated': 1, 'data_size': 79, 'data_variance': 0.05915888771414757, 'local_loss': 2.4562253952026367, 'local_accuracy': 17.721518874168396, 'tn': -65, 'fp': 65, 'fn': 65, 'tp': 14, 'precision': 0.06666666666666667, 'recall': 0.13008658008658008, 'f1': 0.07388888888888889}
Received system metrics from client 2: {'cpu_time': 74.01999999955297, 'ram_used_mb': 3136.393216, 'net_sent_bytes': 56942, 'net_recv_bytes': 83955, 'gpu_mem_used_mb': 38939.0, 'gpu_load': 0.0, 'client_rank': 2, 'round': 2, 'timestamp': '2025-08-18 15:12:22', 'participated': 1, 'data_size': 410, 'data_variance': 0.062497828155756, 'local_loss': 2.544266939163208, 'local_accuracy': 9.756097197532654, 'tn': -370, 'fp': 370, 'fn': 370, 'tp': 40, 'precision': 0.03087890628029515, 'recall': 0.11089131167809374, 'f1': 0.04010640069962104}
Received system metrics from client 3: {'cpu_time': 38.13000000268221, 'ram_used_mb': 3223.556096, 'net_sent_bytes': 85179, 'net_recv_bytes': 93940, 'gpu_mem_used_mb': 38939.0, 'gpu_load': 0.0, 'client_rank': 3, 'round': 2, 'timestamp': '2025-08-18 15:12:22', 'participated': 1, 'data_size': 4873, 'data_variance': 0.06410827487707138, 'local_loss': 2.0416359901428223, 'local_accuracy': 27.97044813632965, 'tn': -3510, 'fp': 3510, 'fn': 3510, 'tp': 1363, 'precision': 0.42673958591970373, 'recall': 0.2738083097333928, 'f1': 0.23886686911373203}
Received system metrics from client 4: {'cpu_time': 49.39000000059605, 'ram_used_mb': 3350.65088, 'net_sent_bytes': 137641, 'net_recv_bytes': 132242, 'gpu_mem_used_mb': 38939.0, 'gpu_load': 0.0, 'client_rank': 4, 'round': 2, 'timestamp': '2025-08-18 15:12:22', 'participated': 1, 'data_size': 10895, 'data_variance': 0.0633171796798706, 'local_loss': 1.696982502937317, 'local_accuracy': 40.43138921260834, 'tn': -6488, 'fp': 6488, 'fn': 6488, 'tp': 4407, 'precision': 0.4984513548594179, 'recall': 0.4041834323461796, 'f1': 0.3913696079469358}
Received system metrics from client 5: {'cpu_time': 36.79999999701977, 'ram_used_mb': 3341.53728, 'net_sent_bytes': 37878, 'net_recv_bytes': 54581, 'gpu_mem_used_mb': 38939.0, 'gpu_load': 0.0, 'client_rank': 5, 'round': 2, 'timestamp': '2025-08-18 15:12:23', 'participated': 1, 'data_size': 11262, 'data_variance': 0.06341840326786041, 'local_loss': 1.647302269935608, 'local_accuracy': 43.82880628108978, 'tn': -6325, 'fp': 6325, 'fn': 6325, 'tp': 4937, 'precision': 0.5067081560543871, 'recall': 0.4392888192574402, 'f1': 0.4378344865865955}
Received system metrics from client 6: {'cpu_time': 72.29000000283122, 'ram_used_mb': 3101.036544, 'net_sent_bytes': 575, 'net_recv_bytes': 28361, 'gpu_mem_used_mb': 38939.0, 'gpu_load': 0.0, 'client_rank': 6, 'round': 2, 'timestamp': '2025-08-18 15:12:22', 'participated': 1, 'data_size': 123, 'data_variance': 0.058492377400398254, 'local_loss': 2.4960098266601562, 'local_accuracy': 14.63414579629898, 'tn': -105, 'fp': 105, 'fn': 105, 'tp': 18, 'precision': 0.033775419982316535, 'recall': 0.11538461538461538, 'f1': 0.04645257654966393}
Received system metrics from client 7: {'cpu_time': 98.0099999998929, 'ram_used_mb': 3276.57472, 'net_sent_bytes': 970, 'net_recv_bytes': 32305, 'gpu_mem_used_mb': 38939.0, 'gpu_load': 0.01, 'client_rank': 7, 'round': 2, 'timestamp': '2025-08-18 15:12:23', 'participated': 1, 'data_size': 7414, 'data_variance': 0.06357138603925705, 'local_loss': 1.9616822004318237, 'local_accuracy': 28.243863582611084, 'tn': -5321, 'fp': 5321, 'fn': 5321, 'tp': 2093, 'precision': 0.3851293043084962, 'recall': 0.2782959828262686, 'f1': 0.23769787292209776}
Received system metrics from client 8: {'cpu_time': 107.86000000033528, 'ram_used_mb': 3054.219264, 'net_sent_bytes': 88293, 'net_recv_bytes': 56889, 'gpu_mem_used_mb': 38939.0, 'gpu_load': 0.0, 'client_rank': 8, 'round': 2, 'timestamp': '2025-08-18 15:12:22', 'participated': 1, 'data_size': 92, 'data_variance': 0.06382410228252411, 'local_loss': 2.453692674636841, 'local_accuracy': 11.95652186870575, 'tn': -81, 'fp': 81, 'fn': 81, 'tp': 11, 'precision': 0.011956521739130435, 'recall': 0.1, 'f1': 0.021359223300970873}
Received system metrics from client 9: {'cpu_time': 34.92999999783933, 'ram_used_mb': 3251.191808, 'net_sent_bytes': 115071, 'net_recv_bytes': 79467, 'gpu_mem_used_mb': 38939.0, 'gpu_load': 0.01, 'client_rank': 9, 'round': 2, 'timestamp': '2025-08-18 15:12:22', 'participated': 1, 'data_size': 4055, 'data_variance': 0.0626949816942215, 'local_loss': 2.1138253211975098, 'local_accuracy': 27.39827334880829, 'tn': -2943, 'fp': 2943, 'fn': 2943, 'tp': 1112, 'precision': 0.4084142425616335, 'recall': 0.27094300452094916, 'f1': 0.23019102604110125}
Received system metrics from client 10: {'cpu_time': 27.399999999906868, 'ram_used_mb': 3391.602688, 'net_sent_bytes': 3408, 'net_recv_bytes': 33651, 'gpu_mem_used_mb': 38939.0, 'gpu_load': 0.0, 'client_rank': 10, 'round': 2, 'timestamp': '2025-08-18 15:12:22', 'participated': 1, 'data_size': 10797, 'data_variance': 0.062856025993824, 'local_loss': 1.6201494932174683, 'local_accuracy': 43.4472531080246, 'tn': -6107, 'fp': 6107, 'fn': 6107, 'tp': 4690, 'precision': 0.4632107569832874, 'recall': 0.43370426863422085, 'f1': 0.4378792334934887}
[selector] WARNING: missing features in metrics: ['confusion_mean']
[selector] ERROR at round 2: "['confusion_mean'] not in index"
[selector] Round 2: participants used in averaging = 10/10
Averaging model weights...
Evaluating updated global model on test set...
    [Client 2] Round 3 - Waiting for global weights...
    [Client 4] Round 3 - Waiting for global weights...
    [Client 5] Round 3 - Waiting for global weights...
    [Client 1] Round 3 - Waiting for global weights...
    [Client 9] Round 3 - Waiting for global weights...
    [Client 8] Round 3 - Waiting for global weights...
    [Client 6] Round 3 - Waiting for global weights...
    [Client 10] Round 3 - Waiting for global weights...
    [Client 3] Round 3 - Waiting for global weights...
    [Client 7] Round 3 - Waiting for global weights...
Round 2 Evaluation - Accuracy: 0.1530, Loss: 2.4091

===== Round 3 =====
Broadcasting global model to all clients...
Waiting for model weights from client 1...
    [Client 4] Round 3 - Training on local data...
    [Client 10] Round 3 - Training on local data...
    [Client 6] Round 3 - Training on local data...
    [Client 5] Round 3 - Training on local data...
    [Client 1] Round 3 - Training on local data...
    [Client 9] Round 3 - Training on local data...
    [Client 8] Round 3 - Training on local data...
    [Client 7] Round 3 - Training on local data...
    [Client 2] Round 3 - Training on local data...
    [Client 3] Round 3 - Training on local data...
    [Client 1] Round 3 - Sending updated weights to server...
    [Client 2] Round 3 - Sending updated weights to server...
    [Client 8] Round 3 - Sending updated weights to server...
    [Client 6] Round 3 - Sending updated weights to server...
Received weights from client 1
Waiting for model weights from client 2...
Received weights from client 2
Waiting for model weights from client 3...
    [Client 10] Round 3 - Sending updated weights to server...
    [Client 5] Round 3 - Sending updated weights to server...
    [Client 3] Round 3 - Sending updated weights to server...
Received weights from client 3
Waiting for model weights from client 4...
    [Client 7] Round 3 - Sending updated weights to server...
    [Client 4] Round 3 - Sending updated weights to server...
Received weights from client 4
Waiting for model weights from client 5...
Received weights from client 5
Waiting for model weights from client 6...
Received weights from client 6
Waiting for model weights from client 7...
Received weights from client 7
Waiting for model weights from client 8...
Received weights from client 8
Waiting for model weights from client 9...
    [Client 9] Round 3 - Sending updated weights to server...
Received weights from client 9
Waiting for model weights from client 10...
Received weights from client 10
Received system metrics from client 1: {'cpu_time': 79.45999999996275, 'ram_used_mb': 3243.52, 'net_sent_bytes': 55816, 'net_recv_bytes': 72691, 'gpu_mem_used_mb': 38941.0, 'gpu_load': 0.0, 'client_rank': 1, 'round': 3, 'timestamp': '2025-08-18 15:13:19', 'participated': 1, 'data_size': 79, 'data_variance': 0.05915888771414757, 'local_loss': 2.451387643814087, 'local_accuracy': 18.987341225147247, 'tn': -64, 'fp': 64, 'fn': 64, 'tp': 15, 'precision': 0.05494505494505495, 'recall': 0.14956709956709957, 'f1': 0.07158613445378151}
Received system metrics from client 2: {'cpu_time': 72.2200000025332, 'ram_used_mb': 3290.886144, 'net_sent_bytes': 63998, 'net_recv_bytes': 104166, 'gpu_mem_used_mb': 38941.0, 'gpu_load': 0.0, 'client_rank': 2, 'round': 3, 'timestamp': '2025-08-18 15:13:19', 'participated': 1, 'data_size': 410, 'data_variance': 0.062497828155756, 'local_loss': 2.590778112411499, 'local_accuracy': 12.682926654815674, 'tn': -358, 'fp': 358, 'fn': 358, 'tp': 52, 'precision': 0.10378234008174128, 'recall': 0.14345060132628978, 'f1': 0.06274452032601949}
Received system metrics from client 3: {'cpu_time': 46.67999999970198, 'ram_used_mb': 3381.41184, 'net_sent_bytes': 142760, 'net_recv_bytes': 133070, 'gpu_mem_used_mb': 38941.0, 'gpu_load': 0.0, 'client_rank': 3, 'round': 3, 'timestamp': '2025-08-18 15:13:20', 'participated': 1, 'data_size': 4873, 'data_variance': 0.06410827487707138, 'local_loss': 1.717045545578003, 'local_accuracy': 37.63595223426819, 'tn': -3038, 'fp': 3038, 'fn': 3038, 'tp': 1835, 'precision': 0.49439102345063796, 'recall': 0.37232112227312364, 'f1': 0.36756190576629233}
Received system metrics from client 4: {'cpu_time': 57.84000000171363, 'ram_used_mb': 3497.324544, 'net_sent_bytes': 138567, 'net_recv_bytes': 158281, 'gpu_mem_used_mb': 38941.0, 'gpu_load': 0.0, 'client_rank': 4, 'round': 3, 'timestamp': '2025-08-18 15:13:20', 'participated': 1, 'data_size': 10895, 'data_variance': 0.0633171796798706, 'local_loss': 1.3729701042175293, 'local_accuracy': 49.72923398017883, 'tn': -5478, 'fp': 5478, 'fn': 5478, 'tp': 5417, 'precision': 0.5310594066410974, 'recall': 0.4991544408724452, 'f1': 0.4750321231728403}
Received system metrics from client 5: {'cpu_time': 41.90999999642372, 'ram_used_mb': 3506.311168, 'net_sent_bytes': 40809, 'net_recv_bytes': 75427, 'gpu_mem_used_mb': 38941.0, 'gpu_load': 0.01, 'client_rank': 5, 'round': 3, 'timestamp': '2025-08-18 15:13:20', 'participated': 1, 'data_size': 11262, 'data_variance': 0.06341840326786041, 'local_loss': 1.3965157270431519, 'local_accuracy': 51.34079456329346, 'tn': -5479, 'fp': 5479, 'fn': 5479, 'tp': 5783, 'precision': 0.5575066399454471, 'recall': 0.5131425913539813, 'f1': 0.5172708605490256}
Received system metrics from client 6: {'cpu_time': 102.96000000461936, 'ram_used_mb': 3244.806144, 'net_sent_bytes': 2324, 'net_recv_bytes': 53022, 'gpu_mem_used_mb': 38941.0, 'gpu_load': 0.0, 'client_rank': 6, 'round': 3, 'timestamp': '2025-08-18 15:13:20', 'participated': 1, 'data_size': 123, 'data_variance': 0.058492377400398254, 'local_loss': 2.4391419887542725, 'local_accuracy': 20.325203239917755, 'tn': -98, 'fp': 98, 'fn': 98, 'tp': 25, 'precision': 0.10812757890041262, 'recall': 0.16932442557442556, 'f1': 0.10390237781542129}
Received system metrics from client 7: {'cpu_time': 114.1500000001397, 'ram_used_mb': 3425.411072, 'net_sent_bytes': 72986, 'net_recv_bytes': 99798, 'gpu_mem_used_mb': 38941.0, 'gpu_load': 0.0, 'client_rank': 7, 'round': 3, 'timestamp': '2025-08-18 15:13:20', 'participated': 1, 'data_size': 7414, 'data_variance': 0.06357138603925705, 'local_loss': 1.5593878030776978, 'local_accuracy': 43.28297674655914, 'tn': -4205, 'fp': 4205, 'fn': 4205, 'tp': 3209, 'precision': 0.5143947208052764, 'recall': 0.4301992933124845, 'f1': 0.43430949924696083}
Received system metrics from client 8: {'cpu_time': 123.6499999994412, 'ram_used_mb': 3245.38368, 'net_sent_bytes': 70896, 'net_recv_bytes': 62226, 'gpu_mem_used_mb': 38941.0, 'gpu_load': 0.0, 'client_rank': 8, 'round': 3, 'timestamp': '2025-08-18 15:13:19', 'participated': 1, 'data_size': 92, 'data_variance': 0.06382410228252411, 'local_loss': 2.3634543418884277, 'local_accuracy': 15.217390656471252, 'tn': -78, 'fp': 78, 'fn': 78, 'tp': 14, 'precision': 0.09567901234567902, 'recall': 0.13068181818181818, 'f1': 0.07173913043478261}
Received system metrics from client 9: {'cpu_time': 38.43999999947846, 'ram_used_mb': 3414.482944, 'net_sent_bytes': 32622, 'net_recv_bytes': 49749, 'gpu_mem_used_mb': 38941.0, 'gpu_load': 0.0, 'client_rank': 9, 'round': 3, 'timestamp': '2025-08-18 15:13:19', 'participated': 1, 'data_size': 4055, 'data_variance': 0.0626949816942215, 'local_loss': 1.922692894935608, 'local_accuracy': 34.254008531570435, 'tn': -2666, 'fp': 2666, 'fn': 2666, 'tp': 1389, 'precision': 0.45552123374766945, 'recall': 0.3403216827703458, 'f1': 0.3351365535589702}
Received system metrics from client 10: {'cpu_time': 31.149999999906868, 'ram_used_mb': 3613.55264, 'net_sent_bytes': 529, 'net_recv_bytes': 52504, 'gpu_mem_used_mb': 38941.0, 'gpu_load': 0.0, 'client_rank': 10, 'round': 3, 'timestamp': '2025-08-18 15:13:20', 'participated': 1, 'data_size': 10797, 'data_variance': 0.062856025993824, 'local_loss': 1.4414446353912354, 'local_accuracy': 48.874688148498535, 'tn': -5520, 'fp': 5520, 'fn': 5520, 'tp': 5277, 'precision': 0.5153076614282996, 'recall': 0.4894320525190472, 'f1': 0.47731264732928186}
[selector] WARNING: missing features in metrics: ['confusion_mean']
[selector] ERROR at round 3: "['confusion_mean'] not in index"
[selector] Round 3: participants used in averaging = 10/10
Averaging model weights...
Evaluating updated global model on test set...
    [Client 2] Round 4 - Waiting for global weights...
    [Client 4] Round 4 - Waiting for global weights...
    [Client 6] Round 4 - Waiting for global weights...
    [Client 1] Round 4 - Waiting for global weights...
    [Client 5] Round 4 - Waiting for global weights...
    [Client 9] Round 4 - Waiting for global weights...
    [Client 10] Round 4 - Waiting for global weights...
    [Client 3] Round 4 - Waiting for global weights...
    [Client 8] Round 4 - Waiting for global weights...
    [Client 7] Round 4 - Waiting for global weights...
Round 3 Evaluation - Accuracy: 0.2175, Loss: 2.2001

===== Round 4 =====
Broadcasting global model to all clients...
    [Client 5] Round 4 - Training on local data...
    [Client 3] Round 4 - Training on local data...
    [Client 2] Round 4 - Training on local data...
    [Client 4] Round 4 - Training on local data...
    [Client 1] Round 4 - Training on local data...
    [Client 9] Round 4 - Training on local data...
    [Client 8] Round 4 - Training on local data...
    [Client 7] Round 4 - Training on local data...
    [Client 10] Round 4 - Training on local data...
    [Client 6] Round 4 - Training on local data...
Waiting for model weights from client 1...
    [Client 1] Round 4 - Sending updated weights to server...
Received weights from client 1
Waiting for model weights from client 2...
    [Client 8] Round 4 - Sending updated weights to server...
    [Client 6] Round 4 - Sending updated weights to server...
    [Client 9] Round 4 - Sending updated weights to server...
    [Client 3] Round 4 - Sending updated weights to server...
    [Client 2] Round 4 - Sending updated weights to server...
Received weights from client 2
Waiting for model weights from client 3...
Received weights from client 3
Waiting for model weights from client 4...
    [Client 10] Round 4 - Sending updated weights to server...
    [Client 5] Round 4 - Sending updated weights to server...
    [Client 7] Round 4 - Sending updated weights to server...
    [Client 4] Round 4 - Sending updated weights to server...
Received weights from client 4
Waiting for model weights from client 5...
Received weights from client 5
Waiting for model weights from client 6...
Received weights from client 6
Waiting for model weights from client 7...
Received weights from client 7
Waiting for model weights from client 8...
Received weights from client 8
Waiting for model weights from client 9...
Received weights from client 9
Waiting for model weights from client 10...
Received weights from client 10
Received system metrics from client 1: {'cpu_time': 68.87000000011176, 'ram_used_mb': 3449.942016, 'net_sent_bytes': 60396, 'net_recv_bytes': 70284, 'gpu_mem_used_mb': 38941.0, 'gpu_load': 0.0, 'client_rank': 1, 'round': 4, 'timestamp': '2025-08-18 15:13:37', 'participated': 1, 'data_size': 79, 'data_variance': 0.05915888771414757, 'local_loss': 2.27699613571167, 'local_accuracy': 27.848100662231445, 'tn': -57, 'fp': 57, 'fn': 57, 'tp': 22, 'precision': 0.12418574326282239, 'recall': 0.23658008658008658, 'f1': 0.15131437527989253}
Received system metrics from client 2: {'cpu_time': 61.44999999925494, 'ram_used_mb': 3526.561792, 'net_sent_bytes': 89598, 'net_recv_bytes': 84245, 'gpu_mem_used_mb': 38941.0, 'gpu_load': 0.0, 'client_rank': 2, 'round': 4, 'timestamp': '2025-08-18 15:13:37', 'participated': 1, 'data_size': 410, 'data_variance': 0.062497828155756, 'local_loss': 2.6661558151245117, 'local_accuracy': 14.63414579629898, 'tn': -350, 'fp': 350, 'fn': 350, 'tp': 60, 'precision': 0.15948668593997312, 'recall': 0.1717271500394188, 'f1': 0.10910643611328194}
Received system metrics from client 3: {'cpu_time': 38.40999999642372, 'ram_used_mb': 3587.141632, 'net_sent_bytes': 59643, 'net_recv_bytes': 91266, 'gpu_mem_used_mb': 38941.0, 'gpu_load': 0.01, 'client_rank': 3, 'round': 4, 'timestamp': '2025-08-18 15:13:37', 'participated': 1, 'data_size': 4873, 'data_variance': 0.06410827487707138, 'local_loss': 1.487446904182434, 'local_accuracy': 46.398523449897766, 'tn': -2612, 'fp': 2612, 'fn': 2612, 'tp': 2261, 'precision': 0.5382463421172725, 'recall': 0.46215924771409567, 'f1': 0.4625522475960958}
Received system metrics from client 4: {'cpu_time': 49.42999999970198, 'ram_used_mb': 3737.534464, 'net_sent_bytes': 100433, 'net_recv_bytes': 109487, 'gpu_mem_used_mb': 38941.0, 'gpu_load': 0.0, 'client_rank': 4, 'round': 4, 'timestamp': '2025-08-18 15:13:37', 'participated': 1, 'data_size': 10895, 'data_variance': 0.0633171796798706, 'local_loss': 1.2583956718444824, 'local_accuracy': 54.97934818267822, 'tn': -4904, 'fp': 4904, 'fn': 4904, 'tp': 5991, 'precision': 0.5787779054744931, 'recall': 0.5475956361501365, 'f1': 0.5485535477534076}
Received system metrics from client 5: {'cpu_time': 36.9100000038743, 'ram_used_mb': 3728.334848, 'net_sent_bytes': 29065, 'net_recv_bytes': 59806, 'gpu_mem_used_mb': 38941.0, 'gpu_load': 0.0, 'client_rank': 5, 'round': 4, 'timestamp': '2025-08-18 15:13:38', 'participated': 1, 'data_size': 11262, 'data_variance': 0.06341840326786041, 'local_loss': 1.2093044519424438, 'local_accuracy': 56.47309422492981, 'tn': -4901, 'fp': 4901, 'fn': 4901, 'tp': 6361, 'precision': 0.5879369422421123, 'recall': 0.5652085110447695, 'f1': 0.5611647938393827}
Received system metrics from client 6: {'cpu_time': 82.59000000357628, 'ram_used_mb': 3429.33504, 'net_sent_bytes': 80365, 'net_recv_bytes': 46818, 'gpu_mem_used_mb': 38941.0, 'gpu_load': 0.0, 'client_rank': 6, 'round': 4, 'timestamp': '2025-08-18 15:13:37', 'participated': 1, 'data_size': 123, 'data_variance': 0.058492377400398254, 'local_loss': 1.9826990365982056, 'local_accuracy': 28.455284237861633, 'tn': -88, 'fp': 88, 'fn': 88, 'tp': 35, 'precision': 0.15138329893360852, 'recall': 0.2603854478854479, 'f1': 0.18423100474116066}
Received system metrics from client 7: {'cpu_time': 99.17000000004191, 'ram_used_mb': 3657.449472, 'net_sent_bytes': 33448, 'net_recv_bytes': 37572, 'gpu_mem_used_mb': 38941.0, 'gpu_load': 0.0, 'client_rank': 7, 'round': 4, 'timestamp': '2025-08-18 15:13:38', 'participated': 1, 'data_size': 7414, 'data_variance': 0.06357138603925705, 'local_loss': 1.3296561241149902, 'local_accuracy': 50.310224294662476, 'tn': -3684, 'fp': 3684, 'fn': 3684, 'tp': 3730, 'precision': 0.5658565627907332, 'recall': 0.5013662994423903, 'f1': 0.4994558915999273}
Received system metrics from client 8: {'cpu_time': 106.90999999968335, 'ram_used_mb': 3452.485632, 'net_sent_bytes': 871, 'net_recv_bytes': 28947, 'gpu_mem_used_mb': 38941.0, 'gpu_load': 0.0, 'client_rank': 8, 'round': 4, 'timestamp': '2025-08-18 15:13:37', 'participated': 1, 'data_size': 92, 'data_variance': 0.06382410228252411, 'local_loss': 2.2996623516082764, 'local_accuracy': 23.9130437374115, 'tn': -70, 'fp': 70, 'fn': 70, 'tp': 22, 'precision': 0.12979409479409482, 'recall': 0.22712121212121214, 'f1': 0.14304450308929592}
Received system metrics from client 9: {'cpu_time': 34.119999999180436, 'ram_used_mb': 3645.52192, 'net_sent_bytes': 41482, 'net_recv_bytes': 50860, 'gpu_mem_used_mb': 38941.0, 'gpu_load': 0.0, 'client_rank': 9, 'round': 4, 'timestamp': '2025-08-18 15:13:37', 'participated': 1, 'data_size': 4055, 'data_variance': 0.0626949816942215, 'local_loss': 1.561578631401062, 'local_accuracy': 44.09371018409729, 'tn': -2266, 'fp': 2266, 'fn': 2266, 'tp': 1789, 'precision': 0.5123833909993893, 'recall': 0.440457485860029, 'f1': 0.4417457347094896}
Received system metrics from client 10: {'cpu_time': 28.37999999988824, 'ram_used_mb': 3791.40096, 'net_sent_bytes': 49757, 'net_recv_bytes': 54942, 'gpu_mem_used_mb': 38941.0, 'gpu_load': 0.0, 'client_rank': 10, 'round': 4, 'timestamp': '2025-08-18 15:13:38', 'participated': 1, 'data_size': 10797, 'data_variance': 0.062856025993824, 'local_loss': 1.3108142614364624, 'local_accuracy': 53.68157625198364, 'tn': -5001, 'fp': 5001, 'fn': 5001, 'tp': 5796, 'precision': 0.5646066121229771, 'recall': 0.5369048276515919, 'f1': 0.5163016864780873}
[selector] WARNING: missing features in metrics: ['confusion_mean']
[selector] ERROR at round 4: "['confusion_mean'] not in index"
[selector] Round 4: participants used in averaging = 10/10
Averaging model weights...
Evaluating updated global model on test set...
    [Client 2] Round 5 - Waiting for global weights...
    [Client 4] Round 5 - Waiting for global weights...
    [Client 5] Round 5 - Waiting for global weights...
    [Client 3] Round 5 - Waiting for global weights...
    [Client 1] Round 5 - Waiting for global weights...
    [Client 9] Round 5 - Waiting for global weights...
    [Client 7] Round 5 - Waiting for global weights...
    [Client 10] Round 5 - Waiting for global weights...
    [Client 6] Round 5 - Waiting for global weights...
    [Client 8] Round 5 - Waiting for global weights...
Round 4 Evaluation - Accuracy: 0.3122, Loss: 1.8852

===== Round 5 =====
Broadcasting global model to all clients...
Waiting for model weights from client 1...
    [Client 4] Round 5 - Training on local data...
    [Client 9] Round 5 - Training on local data...
    [Client 6] Round 5 - Training on local data...
    [Client 8] Round 5 - Training on local data...
    [Client 7] Round 5 - Training on local data...
    [Client 2] Round 5 - Training on local data...
    [Client 3] Round 5 - Training on local data...
    [Client 10] Round 5 - Training on local data...
    [Client 1] Round 5 - Training on local data...
    [Client 5] Round 5 - Training on local data...
    [Client 8] Round 5 - Sending updated weights to server...
    [Client 2] Round 5 - Sending updated weights to server...
    [Client 6] Round 5 - Sending updated weights to server...
    [Client 9] Round 5 - Sending updated weights to server...
    [Client 4] Round 5 - Sending updated weights to server...
    [Client 7] Round 5 - Sending updated weights to server...
    [Client 5] Round 5 - Sending updated weights to server...
    [Client 1] Round 5 - Sending updated weights to server...
    [Client 3] Round 5 - Sending updated weights to server...
    [Client 10] Round 5 - Sending updated weights to server...
Received weights from client 1
Waiting for model weights from client 2...
Received weights from client 2
Waiting for model weights from client 3...
Received weights from client 3
Waiting for model weights from client 4...
Received weights from client 4
Waiting for model weights from client 5...
Received weights from client 5
Waiting for model weights from client 6...
Received weights from client 6
Waiting for model weights from client 7...
Received weights from client 7
Waiting for model weights from client 8...
Received weights from client 8
Waiting for model weights from client 9...
Received weights from client 9
Waiting for model weights from client 10...
Received weights from client 10
Received system metrics from client 1: {'cpu_time': 70.32000000029802, 'ram_used_mb': 3610.578944, 'net_sent_bytes': 44181, 'net_recv_bytes': 54312, 'gpu_mem_used_mb': 38943.0, 'gpu_load': 0.0, 'client_rank': 1, 'round': 5, 'timestamp': '2025-08-18 15:13:49', 'participated': 1, 'data_size': 79, 'data_variance': 0.05915888771414757, 'local_loss': 1.5625481605529785, 'local_accuracy': 54.43037748336792, 'tn': -36, 'fp': 36, 'fn': 36, 'tp': 43, 'precision': 0.537205022359821, 'recall': 0.5240800865800865, 'f1': 0.4879501915708812}
Received system metrics from client 2: {'cpu_time': 63.90999999642372, 'ram_used_mb': 3640.143872, 'net_sent_bytes': 36174, 'net_recv_bytes': 67399, 'gpu_mem_used_mb': 38943.0, 'gpu_load': 0.0, 'client_rank': 2, 'round': 5, 'timestamp': '2025-08-18 15:13:49', 'participated': 1, 'data_size': 410, 'data_variance': 0.062497828155756, 'local_loss': 1.673094391822815, 'local_accuracy': 36.58536672592163, 'tn': -260, 'fp': 260, 'fn': 260, 'tp': 150, 'precision': 0.4432709587469815, 'recall': 0.3753639505386477, 'f1': 0.33521535693914467}
Received system metrics from client 3: {'cpu_time': 38.89000000059605, 'ram_used_mb': 3754.102784, 'net_sent_bytes': 97537, 'net_recv_bytes': 100594, 'gpu_mem_used_mb': 38943.0, 'gpu_load': 0.0, 'client_rank': 3, 'round': 5, 'timestamp': '2025-08-18 15:13:49', 'participated': 1, 'data_size': 4873, 'data_variance': 0.06410827487707138, 'local_loss': 1.26389741897583, 'local_accuracy': 55.161094665527344, 'tn': -2185, 'fp': 2185, 'fn': 2185, 'tp': 2688, 'precision': 0.6037437461266747, 'recall': 0.5495658560694858, 'f1': 0.5497227671116925}
Received system metrics from client 4: {'cpu_time': 52.06999999843538, 'ram_used_mb': 3901.014016, 'net_sent_bytes': 113816, 'net_recv_bytes': 113057, 'gpu_mem_used_mb': 38943.0, 'gpu_load': 0.0, 'client_rank': 4, 'round': 5, 'timestamp': '2025-08-18 15:13:49', 'participated': 1, 'data_size': 10895, 'data_variance': 0.0633171796798706, 'local_loss': 1.3758347034454346, 'local_accuracy': 51.31711959838867, 'tn': -5304, 'fp': 5304, 'fn': 5304, 'tp': 5591, 'precision': 0.5903251457549128, 'recall': 0.5103999050985999, 'f1': 0.5074686294722485}
Received system metrics from client 5: {'cpu_time': 38.020000003278255, 'ram_used_mb': 3892.543488, 'net_sent_bytes': 41386, 'net_recv_bytes': 59965, 'gpu_mem_used_mb': 38943.0, 'gpu_load': 0.0, 'client_rank': 5, 'round': 5, 'timestamp': '2025-08-18 15:13:50', 'participated': 1, 'data_size': 11262, 'data_variance': 0.06341840326786041, 'local_loss': 1.2029861211776733, 'local_accuracy': 57.716214656829834, 'tn': -4762, 'fp': 4762, 'fn': 4762, 'tp': 6500, 'precision': 0.5944025090469528, 'recall': 0.5760217000079395, 'f1': 0.5713574375016282}
Received system metrics from client 6: {'cpu_time': 85.98999999836087, 'ram_used_mb': 3606.769664, 'net_sent_bytes': 30411, 'net_recv_bytes': 68283, 'gpu_mem_used_mb': 38943.0, 'gpu_load': 0.0, 'client_rank': 6, 'round': 5, 'timestamp': '2025-08-18 15:13:49', 'participated': 1, 'data_size': 123, 'data_variance': 0.058492377400398254, 'local_loss': 1.8053253889083862, 'local_accuracy': 33.33333432674408, 'tn': -82, 'fp': 82, 'fn': 82, 'tp': 41, 'precision': 0.36566433566433565, 'recall': 0.3123540713672292, 'f1': 0.26900910364145664}
Received system metrics from client 7: {'cpu_time': 102.88000000000466, 'ram_used_mb': 3832.631296, 'net_sent_bytes': 42494, 'net_recv_bytes': 58552, 'gpu_mem_used_mb': 38943.0, 'gpu_load': 0.0, 'client_rank': 7, 'round': 5, 'timestamp': '2025-08-18 15:13:50', 'participated': 1, 'data_size': 7414, 'data_variance': 0.06357138603925705, 'local_loss': 1.2392895221710205, 'local_accuracy': 54.92311716079712, 'tn': -3341, 'fp': 3341, 'fn': 3341, 'tp': 4073, 'precision': 0.6043641881474205, 'recall': 0.5503650531255053, 'f1': 0.5446843260753038}
Received system metrics from client 8: {'cpu_time': 112.91000000014901, 'ram_used_mb': 3579.334656, 'net_sent_bytes': 46917, 'net_recv_bytes': 42931, 'gpu_mem_used_mb': 38943.0, 'gpu_load': 0.0, 'client_rank': 8, 'round': 5, 'timestamp': '2025-08-18 15:13:49', 'participated': 1, 'data_size': 92, 'data_variance': 0.06382410228252411, 'local_loss': 1.6973083019256592, 'local_accuracy': 40.21739065647125, 'tn': -55, 'fp': 55, 'fn': 55, 'tp': 37, 'precision': 0.5590797133900581, 'recall': 0.3922474747474748, 'f1': 0.3349462365591398}
Received system metrics from client 9: {'cpu_time': 35.98999999836087, 'ram_used_mb': 3819.921408, 'net_sent_bytes': 101782, 'net_recv_bytes': 75107, 'gpu_mem_used_mb': 38943.0, 'gpu_load': 0.0, 'client_rank': 9, 'round': 5, 'timestamp': '2025-08-18 15:13:49', 'participated': 1, 'data_size': 4055, 'data_variance': 0.0626949816942215, 'local_loss': 1.461066484451294, 'local_accuracy': 46.31319344043732, 'tn': -2178, 'fp': 2178, 'fn': 2178, 'tp': 1877, 'precision': 0.5652347617627986, 'recall': 0.4624517439509762, 'f1': 0.4473533996654453}
Received system metrics from client 10: {'cpu_time': 28.570000000065193, 'ram_used_mb': 4004.687872, 'net_sent_bytes': 4639, 'net_recv_bytes': 41498, 'gpu_mem_used_mb': 38943.0, 'gpu_load': 0.0, 'client_rank': 10, 'round': 5, 'timestamp': '2025-08-18 15:13:49', 'participated': 1, 'data_size': 10797, 'data_variance': 0.062856025993824, 'local_loss': 1.2677218914031982, 'local_accuracy': 54.35768961906433, 'tn': -4928, 'fp': 4928, 'fn': 4928, 'tp': 5869, 'precision': 0.5853146469357435, 'recall': 0.5429541700796564, 'f1': 0.536161583985495}
[selector] WARNING: missing features in metrics: ['confusion_mean']
[selector] ERROR at round 5: "['confusion_mean'] not in index"
[selector] Round 5: participants used in averaging = 10/10
Averaging model weights...
Evaluating updated global model on test set...
    [Client 2] Round 6 - Waiting for global weights...
    [Client 4] Round 6 - Waiting for global weights...
    [Client 5] Round 6 - Waiting for global weights...
    [Client 3] Round 6 - Waiting for global weights...
    [Client 1] Round 6 - Waiting for global weights...
    [Client 9] Round 6 - Waiting for global weights...
    [Client 7] Round 6 - Waiting for global weights...
    [Client 8] Round 6 - Waiting for global weights...
    [Client 10] Round 6 - Waiting for global weights...
    [Client 6] Round 6 - Waiting for global weights...
Round 5 Evaluation - Accuracy: 0.4658, Loss: 1.4825

===== Round 6 =====
Broadcasting global model to all clients...
Waiting for model weights from client 1...
    [Client 3] Round 6 - Training on local data...
    [Client 4] Round 6 - Training on local data...
    [Client 5] Round 6 - Training on local data...
    [Client 9] Round 6 - Training on local data...
    [Client 2] Round 6 - Training on local data...
    [Client 1] Round 6 - Training on local data...
    [Client 10] Round 6 - Training on local data...
    [Client 7] Round 6 - Training on local data...
    [Client 6] Round 6 - Training on local data...
    [Client 8] Round 6 - Training on local data...
    [Client 2] Round 6 - Sending updated weights to server...
    [Client 6] Round 6 - Sending updated weights to server...
    [Client 1] Round 6 - Sending updated weights to server...
Received weights from client 1
Waiting for model weights from client 2...
Received weights from client 2
Waiting for model weights from client 3...
    [Client 8] Round 6 - Sending updated weights to server...
    [Client 9] Round 6 - Sending updated weights to server...
    [Client 3] Round 6 - Sending updated weights to server...
Received weights from client 3
Waiting for model weights from client 4...
    [Client 7] Round 6 - Sending updated weights to server...
    [Client 10] Round 6 - Sending updated weights to server...
    [Client 5] Round 6 - Sending updated weights to server...
    [Client 4] Round 6 - Sending updated weights to server...
Received weights from client 4
Waiting for model weights from client 5...
Received weights from client 5
Waiting for model weights from client 6...
Received weights from client 6
Waiting for model weights from client 7...
Received weights from client 7
Waiting for model weights from client 8...
Received weights from client 8
Waiting for model weights from client 9...
Received weights from client 9
Waiting for model weights from client 10...
Received weights from client 10
Received system metrics from client 1: {'cpu_time': 67.75999999977648, 'ram_used_mb': 3823.865856, 'net_sent_bytes': 2896, 'net_recv_bytes': 28469, 'gpu_mem_used_mb': 38945.0, 'gpu_load': 0.0, 'client_rank': 1, 'round': 6, 'timestamp': '2025-08-18 15:14:08', 'participated': 1, 'data_size': 79, 'data_variance': 0.05915888771414757, 'local_loss': 1.1430000066757202, 'local_accuracy': 65.82278609275818, 'tn': -27, 'fp': 27, 'fn': 27, 'tp': 52, 'precision': 0.6526984126984127, 'recall': 0.6303679653679655, 'f1': 0.6170007283165178}
Received system metrics from client 2: {'cpu_time': 59.85999999940395, 'ram_used_mb': 3849.91232, 'net_sent_bytes': 72979, 'net_recv_bytes': 79508, 'gpu_mem_used_mb': 38945.0, 'gpu_load': 0.0, 'client_rank': 2, 'round': 6, 'timestamp': '2025-08-18 15:14:08', 'participated': 1, 'data_size': 410, 'data_variance': 0.062497828155756, 'local_loss': 1.505537986755371, 'local_accuracy': 47.56097495555878, 'tn': -215, 'fp': 215, 'fn': 215, 'tp': 195, 'precision': 0.5984704208627158, 'recall': 0.47183640326897186, 'f1': 0.4643025197961907}
Received system metrics from client 3: {'cpu_time': 38.76000000536442, 'ram_used_mb': 3968.196608, 'net_sent_bytes': 109963, 'net_recv_bytes': 138583, 'gpu_mem_used_mb': 38945.0, 'gpu_load': 0.0, 'client_rank': 3, 'round': 6, 'timestamp': '2025-08-18 15:14:09', 'participated': 1, 'data_size': 4873, 'data_variance': 0.06410827487707138, 'local_loss': 1.3412175178527832, 'local_accuracy': 51.81612968444824, 'tn': -2348, 'fp': 2348, 'fn': 2348, 'tp': 2525, 'precision': 0.5650112043356097, 'recall': 0.5182674624425404, 'f1': 0.5050360286414387}
Received system metrics from client 4: {'cpu_time': 57.209999999031425, 'ram_used_mb': 4121.53856, 'net_sent_bytes': 101673, 'net_recv_bytes': 112019, 'gpu_mem_used_mb': 38945.0, 'gpu_load': 0.0, 'client_rank': 4, 'round': 6, 'timestamp': '2025-08-18 15:14:09', 'participated': 1, 'data_size': 10895, 'data_variance': 0.0633171796798706, 'local_loss': 1.2671271562576294, 'local_accuracy': 55.79623579978943, 'tn': -4814, 'fp': 4814, 'fn': 4814, 'tp': 6081, 'precision': 0.6151521585825315, 'recall': 0.5562967365175026, 'f1': 0.5496927120765448}
Received system metrics from client 5: {'cpu_time': 36.480000004172325, 'ram_used_mb': 4123.488256, 'net_sent_bytes': 2312, 'net_recv_bytes': 32109, 'gpu_mem_used_mb': 38945.0, 'gpu_load': 0.01, 'client_rank': 5, 'round': 6, 'timestamp': '2025-08-18 15:14:09', 'participated': 1, 'data_size': 11262, 'data_variance': 0.06341840326786041, 'local_loss': 1.2469481229782104, 'local_accuracy': 54.5373797416687, 'tn': -5120, 'fp': 5120, 'fn': 5120, 'tp': 6142, 'precision': 0.6201073402336589, 'recall': 0.5459445562704841, 'f1': 0.547599126624635}
Received system metrics from client 6: {'cpu_time': 81.67000000178814, 'ram_used_mb': 3788.046336, 'net_sent_bytes': 78467, 'net_recv_bytes': 52207, 'gpu_mem_used_mb': 38943.0, 'gpu_load': 0.01, 'client_rank': 6, 'round': 6, 'timestamp': '2025-08-18 15:14:09', 'participated': 1, 'data_size': 123, 'data_variance': 0.058492377400398254, 'local_loss': 1.224457025527954, 'local_accuracy': 53.658539056777954, 'tn': -57, 'fp': 57, 'fn': 57, 'tp': 66, 'precision': 0.702955053955054, 'recall': 0.5067018507807981, 'f1': 0.5051567618010129}
Received system metrics from client 7: {'cpu_time': 97.60999999986961, 'ram_used_mb': 4090.732544, 'net_sent_bytes': 13229, 'net_recv_bytes': 37988, 'gpu_mem_used_mb': 38945.0, 'gpu_load': 0.01, 'client_rank': 7, 'round': 6, 'timestamp': '2025-08-18 15:14:09', 'participated': 1, 'data_size': 7414, 'data_variance': 0.06357138603925705, 'local_loss': 1.0994125604629517, 'local_accuracy': 60.62853932380676, 'tn': -2918, 'fp': 2918, 'fn': 2918, 'tp': 4496, 'precision': 0.617649883378109, 'recall': 0.603668096080199, 'f1': 0.6034241539187227}
Received system metrics from client 8: {'cpu_time': 106.25, 'ram_used_mb': 3824.328704, 'net_sent_bytes': 1065, 'net_recv_bytes': 28459, 'gpu_mem_used_mb': 38943.0, 'gpu_load': 0.0, 'client_rank': 8, 'round': 6, 'timestamp': '2025-08-18 15:14:09', 'participated': 1, 'data_size': 92, 'data_variance': 0.06382410228252411, 'local_loss': 1.2492862939834595, 'local_accuracy': 57.60869383811951, 'tn': -39, 'fp': 39, 'fn': 39, 'tp': 53, 'precision': 0.6415584415584416, 'recall': 0.5560137085137085, 'f1': 0.5414782114290448}
Received system metrics from client 9: {'cpu_time': 34.12999999895692, 'ram_used_mb': 4050.100224, 'net_sent_bytes': 39197, 'net_recv_bytes': 50398, 'gpu_mem_used_mb': 38945.0, 'gpu_load': 0.0, 'client_rank': 9, 'round': 6, 'timestamp': '2025-08-18 15:14:09', 'participated': 1, 'data_size': 4055, 'data_variance': 0.0626949816942215, 'local_loss': 1.2313019037246704, 'local_accuracy': 55.63501715660095, 'tn': -1799, 'fp': 1799, 'fn': 1799, 'tp': 2256, 'precision': 0.5910507564020995, 'recall': 0.5575236875207817, 'f1': 0.5430109003550154}
Received system metrics from client 10: {'cpu_time': 28.02999999979511, 'ram_used_mb': 4264.087552, 'net_sent_bytes': 41768, 'net_recv_bytes': 51805, 'gpu_mem_used_mb': 38945.0, 'gpu_load': 0.0, 'client_rank': 10, 'round': 6, 'timestamp': '2025-08-18 15:14:09', 'participated': 1, 'data_size': 10797, 'data_variance': 0.062856025993824, 'local_loss': 1.095402717590332, 'local_accuracy': 60.70204973220825, 'tn': -4243, 'fp': 4243, 'fn': 4243, 'tp': 6554, 'precision': 0.6310465363444994, 'recall': 0.6074377878869834, 'f1': 0.6026129034188878}
[selector] WARNING: missing features in metrics: ['confusion_mean']
[selector] ERROR at round 6: "['confusion_mean'] not in index"
[selector] Round 6: participants used in averaging = 10/10
Averaging model weights...
    [Client 2] Round 7 - Waiting for global weights...
    [Client 4] Round 7 - Waiting for global weights...
    [Client 8] Round 7 - Waiting for global weights...
    [Client 10] Round 7 - Waiting for global weights...
    [Client 6] Round 7 - Waiting for global weights...
    [Client 5] Round 7 - Waiting for global weights...
    [Client 1] Round 7 - Waiting for global weights...
    [Client 9] Round 7 - Waiting for global weights...
    [Client 3] Round 7 - Waiting for global weights...
    [Client 7] Round 7 - Waiting for global weights...
Evaluating updated global model on test set...
