=== Federated Server Started ===
Total processes: 51 (1 server + 50 clients)

    [Client 13] Initializing...
    [Client 13] Starting on host: ng10703
    [Client 39] Initializing...
    [Client 39] Starting on host: ng30711
    [Client 42] Initializing...
    [Client 42] Starting on host: ng31004
    [Client 40] Initializing...
    [Client 40] Starting on host: ng31002
    [Client 44] Initializing...
    [Client 44] Starting on host: ng31202
    [Client 50] Initializing...
    [Client 50] Starting on host: ng31305
    [Client 43] Initializing...
    [Client 43] Starting on host: ng31006
    [Client 17] Initializing...
    [Client 17] Starting on host: ng10707
    [Client 47] Initializing...
    [Client 47] Starting on host: ng31301
    [Client 25] Initializing...
    [Client 25] Starting on host: ng10901
    [Client 1] Initializing...
    [Client 1] Starting on host: ng10103
    [Client 11] Initializing...
    [Client 11] Starting on host: ng10701
    [Client 38] Initializing...
    [Client 38] Starting on host: ng30709
    [Client 37] Initializing...
    [Client 37] Starting on host: ng30707
    [Client 8] Initializing...
    [Client 8] Starting on host: ng10606
    [Client 22] Initializing...
    [Client 22] Starting on host: ng10804
    [Client 31] Initializing...
    [Client 31] Starting on host: ng30602
    [Client 9] Initializing...
    [Client 9] Starting on host: ng10608
    [Client 15] Initializing...
    [Client 15] Starting on host: ng10705
    [Client 35] Initializing...
    [Client 35] Starting on host: ng30705
    [Client 45] Initializing...
    [Client 45] Starting on host: ng31204
    [Client 19] Initializing...
    [Client 19] Starting on host: ng10709
    [Client 27] Initializing...
    [Client 27] Starting on host: ng11003
    [Client 34] Initializing...
    [Client 34] Starting on host: ng30701
    [Client 30] Initializing...
    [Client 30] Starting on host: ng11101
    [Client 28] Initializing...
    [Client 28] Starting on host: ng11004
    [Client 16] Initializing...
    [Client 16] Starting on host: ng10706
    [Client 5] Initializing...
    [Client 5] Starting on host: ng10403
    [Client 41] Initializing...
    [Client 41] Starting on host: ng31003
    [Client 46] Initializing...
    [Client 46] Starting on host: ng31205
    [Client 18] Initializing...
    [Client 18] Starting on host: ng10708
    [Client 3] Initializing...
    [Client 3] Starting on host: ng10304
    [Client 49] Initializing...
    [Client 49] Starting on host: ng31304
    [Client 20] Initializing...
    [Client 20] Starting on host: ng10801
    [Client 4] Initializing...
    [Client 4] Starting on host: ng10401
    [Client 2] Initializing...
    [Client 2] Starting on host: ng10203
    [Client 24] Initializing...
    [Client 24] Starting on host: ng10807
    [Client 14] Initializing...
    [Client 14] Starting on host: ng10704
    [Client 32] Initializing...
    [Client 32] Starting on host: ng30603
    [Client 6] Initializing...
    [Client 6] Starting on host: ng10504
    [Client 33] Initializing...
    [Client 33] Starting on host: ng30605
    [Client 21] Initializing...
    [Client 21] Starting on host: ng10803
    [Client 23] Initializing...
    [Client 23] Starting on host: ng10805
    [Client 48] Initializing...
    [Client 48] Starting on host: ng31302
    [Client 36] Initializing...
    [Client 36] Starting on host: ng30706
    [Client 26] Initializing...
    [Client 26] Starting on host: ng10902
    [Client 10] Initializing...
    [Client 10] Starting on host: ng10609
    [Client 7] Initializing...
    [Client 7] Starting on host: ng10605
    [Client 12] Initializing...
    [Client 12] Starting on host: ng10702
    [Client 29] Initializing...
    [Client 29] Starting on host: ng11005
Loading data from .npy files...
Training set: (50000, 32, 32, 3), Labels: (50000, 1)
Test set:     (10000, 32, 32, 3), Labels: (10000, 1)
[Client 1] Generated proportions: [4.67273773e-06 3.78680821e-02 8.87141970e-03 3.95719637e-02
 1.51540406e-03 1.48475498e-02 8.32817995e-04 1.85916410e-02
 3.91501765e-02 4.49205754e-02 5.36249648e-02 4.47762981e-02
 9.97815810e-03 1.16650942e-01 8.56909344e-03 4.18358985e-02
 1.90511596e-02 2.37627449e-02 1.70792535e-02 3.64763576e-02
 6.71077187e-03 2.21246964e-02 3.17376229e-02 5.70204383e-03
 9.71481044e-04 2.04256474e-03 4.23126480e-02 2.55115725e-02
 7.53185924e-03 5.18412437e-05 4.95384634e-02 4.06567987e-02
 3.59154240e-04 1.84485248e-04 3.36465132e-02 1.40714546e-02
 1.37736858e-03 8.63768370e-03 6.68327775e-03 1.13631609e-04
 4.66384521e-03 3.55314756e-03 8.78888768e-04 6.27092972e-02
 3.41791887e-03 1.76244947e-06 8.99416746e-03 7.31293940e-03
 3.01254232e-02 3.97503310e-04]
[Client 1] Assigned 0 samples (from 0 to 0)
Loading data from .npy files...
Training set: (50000, 32, 32, 3), Labels: (50000, 1)
Test set:     (10000, 32, 32, 3), Labels: (10000, 1)
[Client 3] Assigned 444 samples (from 1893 to 2337)
Loading data from .npy files...
Training set: (50000, 32, 32, 3), Labels: (50000, 1)
Test set:     (10000, 32, 32, 3), Labels: (10000, 1)
[Client 2] Assigned 1893 samples (from 0 to 1893)
Loading data from .npy files...
Training set: (50000, 32, 32, 3), Labels: (50000, 1)
Test set:     (10000, 32, 32, 3), Labels: (10000, 1)
[Client 34] Assigned 9 samples (from 40661 to 40670)
Loading data from .npy files...
Training set: (50000, 32, 32, 3), Labels: (50000, 1)
Test set:     (10000, 32, 32, 3), Labels: (10000, 1)
[Client 33] Assigned 18 samples (from 40643 to 40661)
Loading data from .npy files...
Training set: (50000, 32, 32, 3), Labels: (50000, 1)
Test set:     (10000, 32, 32, 3), Labels: (10000, 1)
[Client 46] Assigned 0 samples (from 47658 to 47658)
Loading data from .npy files...
Training set: (50000, 32, 32, 3), Labels: (50000, 1)
Test set:     (10000, 32, 32, 3), Labels: (10000, 1)
[Client 30] Assigned 2 samples (from 36131 to 36133)
Loading data from .npy files...
Training set: (50000, 32, 32, 3), Labels: (50000, 1)
Test set:     (10000, 32, 32, 3), Labels: (10000, 1)
[Client 45] Assigned 171 samples (from 47487 to 47658)
Loading data from .npy files...
Training set: (50000, 32, 32, 3), Labels: (50000, 1)
Test set:     (10000, 32, 32, 3), Labels: (10000, 1)
[Client 25] Assigned 49 samples (from 32212 to 32261)
Loading data from .npy files...
Training set: (50000, 32, 32, 3), Labels: (50000, 1)
Test set:     (10000, 32, 32, 3), Labels: (10000, 1)
[Client 26] Assigned 102 samples (from 32261 to 32363)
Loading data from .npy files...
Training set: (50000, 32, 32, 3), Labels: (50000, 1)
Test set:     (10000, 32, 32, 3), Labels: (10000, 1)
[Client 29] Assigned 377 samples (from 35754 to 36131)
Loading data from .npy files...
Training set: (50000, 32, 32, 3), Labels: (50000, 1)
Test set:     (10000, 32, 32, 3), Labels: (10000, 1)
[Client 21] Assigned 336 samples (from 28898 to 29234)
Loading data from .npy files...
Training set: (50000, 32, 32, 3), Labels: (50000, 1)
Test set:     (10000, 32, 32, 3), Labels: (10000, 1)
[Client 5] Assigned 76 samples (from 4315 to 4391)
Loading data from .npy files...
Training set: (50000, 32, 32, 3), Labels: (50000, 1)
Test set:     (10000, 32, 32, 3), Labels: (10000, 1)
[Client 50] Assigned 20 samples (from 49980 to 50000)
Loading data from .npy files...
Training set: (50000, 32, 32, 3), Labels: (50000, 1)
Test set:     (10000, 32, 32, 3), Labels: (10000, 1)
[Client 47] Assigned 450 samples (from 47658 to 48108)
Loading data from .npy files...
Training set: (50000, 32, 32, 3), Labels: (50000, 1)
Test set:     (10000, 32, 32, 3), Labels: (10000, 1)
[Client 37] Assigned 69 samples (from 43056 to 43125)
Loading data from .npy files...
Training set: (50000, 32, 32, 3), Labels: (50000, 1)
Test set:     (10000, 32, 32, 3), Labels: (10000, 1)
[Client 40] Assigned 6 samples (from 43891 to 43897)
Loading data from .npy files...
Training set: (50000, 32, 32, 3), Labels: (50000, 1)
Test set:     (10000, 32, 32, 3), Labels: (10000, 1)
[Client 24] Assigned 285 samples (from 31927 to 32212)
Loading data from .npy files...
Training set: (50000, 32, 32, 3), Labels: (50000, 1)
Test set:     (10000, 32, 32, 3), Labels: (10000, 1)
[Client 43] Assigned 44 samples (from 44308 to 44352)
Loading data from .npy files...
Training set: (50000, 32, 32, 3), Labels: (50000, 1)
Test set:     (10000, 32, 32, 3), Labels: (10000, 1)
[Client 38] Assigned 432 samples (from 43125 to 43557)
Loading data from .npy files...
Training set: (50000, 32, 32, 3), Labels: (50000, 1)
Test set:     (10000, 32, 32, 3), Labels: (10000, 1)
[Client 42] Assigned 178 samples (from 44130 to 44308)
Loading data from .npy files...
Training set: (50000, 32, 32, 3), Labels: (50000, 1)
Test set:     (10000, 32, 32, 3), Labels: (10000, 1)
[Client 41] Assigned 233 samples (from 43897 to 44130)
Loading data from .npy files...
Training set: (50000, 32, 32, 3), Labels: (50000, 1)
Test set:     (10000, 32, 32, 3), Labels: (10000, 1)
[Client 39] Assigned 334 samples (from 43557 to 43891)
Loading data from .npy files...
Training set: (50000, 32, 32, 3), Labels: (50000, 1)
Test set:     (10000, 32, 32, 3), Labels: (10000, 1)
[Client 48] Assigned 365 samples (from 48108 to 48473)
Loading data from .npy files...
Training set: (50000, 32, 32, 3), Labels: (50000, 1)
Test set:     (10000, 32, 32, 3), Labels: (10000, 1)
[Client 15] Assigned 428 samples (from 21560 to 21988)
Loading data from .npy files...
Training set: (50000, 32, 32, 3), Labels: (50000, 1)
Test set:     (10000, 32, 32, 3), Labels: (10000, 1)
[Client 36] Assigned 703 samples (from 42353 to 43056)
Loading data from .npy files...
Training set: (50000, 32, 32, 3), Labels: (50000, 1)
Test set:     (10000, 32, 32, 3), Labels: (10000, 1)
[Client 35] Assigned 1683 samples (from 40670 to 42353)
Loading data from .npy files...
Training set: (50000, 32, 32, 3), Labels: (50000, 1)
Test set:     (10000, 32, 32, 3), Labels: (10000, 1)
[Client 7] Assigned 42 samples (from 5133 to 5175)
Loading data from .npy files...
Training set: (50000, 32, 32, 3), Labels: (50000, 1)
Test set:     (10000, 32, 32, 3), Labels: (10000, 1)
[Client 8] Assigned 930 samples (from 5175 to 6105)
Loading data from .npy files...
Training set: (50000, 32, 32, 3), Labels: (50000, 1)
Test set:     (10000, 32, 32, 3), Labels: (10000, 1)
[Client 13] Assigned 499 samples (from 15228 to 15727)
Loading data from .npy files...
Training set: (50000, 32, 32, 3), Labels: (50000, 1)
Test set:     (10000, 32, 32, 3), Labels: (10000, 1)
[Client 28] Assigned 1275 samples (from 34479 to 35754)
Loading data from .npy files...
Training set: (50000, 32, 32, 3), Labels: (50000, 1)
Test set:     (10000, 32, 32, 3), Labels: (10000, 1)
[Client 22] Assigned 1106 samples (from 29234 to 30340)
Loading data from .npy files...
Training set: (50000, 32, 32, 3), Labels: (50000, 1)
Test set:     (10000, 32, 32, 3), Labels: (10000, 1)
[Client 4] Assigned 1978 samples (from 2337 to 4315)
Loading data from .npy files...
Training set: (50000, 32, 32, 3), Labels: (50000, 1)
Test set:     (10000, 32, 32, 3), Labels: (10000, 1)
[Client 6] Assigned 742 samples (from 4391 to 5133)
Loading data from .npy files...
Training set: (50000, 32, 32, 3), Labels: (50000, 1)
Test set:     (10000, 32, 32, 3), Labels: (10000, 1)
[Client 17] Assigned 953 samples (from 24080 to 25033)
Loading data from .npy files...
Training set: (50000, 32, 32, 3), Labels: (50000, 1)
Test set:     (10000, 32, 32, 3), Labels: (10000, 1)
[Client 18] Assigned 1188 samples (from 25033 to 26221)
Loading data from .npy files...
Training set: (50000, 32, 32, 3), Labels: (50000, 1)
Test set:     (10000, 32, 32, 3), Labels: (10000, 1)
[Client 20] Assigned 1823 samples (from 27075 to 28898)
Loading data from .npy files...
Training set: (50000, 32, 32, 3), Labels: (50000, 1)
Test set:     (10000, 32, 32, 3), Labels: (10000, 1)
[Client 9] Assigned 1957 samples (from 6105 to 8062)
Loading data from .npy files...
Training set: (50000, 32, 32, 3), Labels: (50000, 1)
Test set:     (10000, 32, 32, 3), Labels: (10000, 1)
[Client 23] Assigned 1587 samples (from 30340 to 31927)
Loading data from .npy files...
Training set: (50000, 32, 32, 3), Labels: (50000, 1)
Test set:     (10000, 32, 32, 3), Labels: (10000, 1)
[Client 49] Assigned 1507 samples (from 48473 to 49980)
Loading data from .npy files...
Training set: (50000, 32, 32, 3), Labels: (50000, 1)
Test set:     (10000, 32, 32, 3), Labels: (10000, 1)
[Client 31] Assigned 2477 samples (from 36133 to 38610)
Loading data from .npy files...
Training set: (50000, 32, 32, 3), Labels: (50000, 1)
Test set:     (10000, 32, 32, 3), Labels: (10000, 1)
[Client 27] Assigned 2116 samples (from 32363 to 34479)
Loading data from .npy files...
Training set: (50000, 32, 32, 3), Labels: (50000, 1)
Test set:     (10000, 32, 32, 3), Labels: (10000, 1)
[Client 10] Assigned 2246 samples (from 8062 to 10308)
Loading data from .npy files...
Training set: (50000, 32, 32, 3), Labels: (50000, 1)
Test set:     (10000, 32, 32, 3), Labels: (10000, 1)
[Client 32] Assigned 2033 samples (from 38610 to 40643)
Loading data from .npy files...
Training set: (50000, 32, 32, 3), Labels: (50000, 1)
Test set:     (10000, 32, 32, 3), Labels: (10000, 1)
[Client 11] Assigned 2681 samples (from 10308 to 12989)
Loading data from .npy files...
Training set: (50000, 32, 32, 3), Labels: (50000, 1)
Test set:     (10000, 32, 32, 3), Labels: (10000, 1)
[Client 12] Assigned 2239 samples (from 12989 to 15228)
Loading data from .npy files...
Training set: (50000, 32, 32, 3), Labels: (50000, 1)
Test set:     (10000, 32, 32, 3), Labels: (10000, 1)
[Client 19] Assigned 854 samples (from 26221 to 27075)
Loading data from .npy files...
Training set: (50000, 32, 32, 3), Labels: (50000, 1)
Test set:     (10000, 32, 32, 3), Labels: (10000, 1)
[Client 44] Assigned 3135 samples (from 44352 to 47487)
Loading data from .npy files...
Training set: (50000, 32, 32, 3), Labels: (50000, 1)
Test set:     (10000, 32, 32, 3), Labels: (10000, 1)
[Client 16] Assigned 2092 samples (from 21988 to 24080)
Loading data from .npy files...
Training set: (50000, 32, 32, 3), Labels: (50000, 1)
Test set:     (10000, 32, 32, 3), Labels: (10000, 1)
[Client 14] Assigned 5833 samples (from 15727 to 21560)
    [Client 26] Round 1 - Waiting for global weights...
Loading data from .npy files...
Training set: (50000, 32, 32, 3), Labels: (50000, 10)
Test set:     (10000, 32, 32, 3), Labels: (10000, 10)

===== Round 1 =====
Broadcasting global model to all clients...
    [Client 3] Round 1 - Waiting for global weights...
    [Client 21] Round 1 - Waiting for global weights...
    [Client 30] Round 1 - Waiting for global weights...
    [Client 39] Round 1 - Waiting for global weights...
    [Client 1] Round 1 - Waiting for global weights...
    [Client 37] Round 1 - Waiting for global weights...
    [Client 33] Round 1 - Waiting for global weights...
    [Client 15] Round 1 - Waiting for global weights...
    [Client 42] Round 1 - Waiting for global weights...
    [Client 50] Round 1 - Waiting for global weights...
    [Client 41] Round 1 - Waiting for global weights...
    [Client 24] Round 1 - Waiting for global weights...
    [Client 45] Round 1 - Waiting for global weights...
    [Client 46] Round 1 - Waiting for global weights...
    [Client 13] Round 1 - Waiting for global weights...
    [Client 43] Round 1 - Waiting for global weights...
    [Client 8] Round 1 - Waiting for global weights...
    [Client 38] Round 1 - Waiting for global weights...
    [Client 5] Round 1 - Waiting for global weights...
    [Client 36] Round 1 - Waiting for global weights...
    [Client 4] Round 1 - Waiting for global weights...
    [Client 25] Round 1 - Waiting for global weights...
    [Client 48] Round 1 - Waiting for global weights...
    [Client 35] Round 1 - Waiting for global weights...
    [Client 34] Round 1 - Waiting for global weights...
    [Client 2] Round 1 - Waiting for global weights...
    [Client 9] Round 1 - Waiting for global weights...
    [Client 7] Round 1 - Waiting for global weights...
    [Client 2] Round 1 - Training on local data...
    [Client 1] Round 1 - Training on local data...
    [Client 31] Round 1 - Waiting for global weights...
    [Client 3] Round 1 - Training on local data...
    [Client 5] Round 1 - Training on local data...
    [Client 9] Round 1 - Training on local data...
    [Client 7] Round 1 - Training on local data...
    [Client 6] Round 1 - Waiting for global weights...
    [Client 4] Round 1 - Training on local data...
    [Client 6] Round 1 - Training on local data...
    [Client 18] Round 1 - Waiting for global weights...
    [Client 29] Round 1 - Waiting for global weights...
    [Client 47] Round 1 - Waiting for global weights...
    [Client 28] Round 1 - Waiting for global weights...
    [Client 40] Round 1 - Waiting for global weights...
    [Client 32] Round 1 - Waiting for global weights...
    [Client 23] Round 1 - Waiting for global weights...
    [Client 20] Round 1 - Waiting for global weights...
    [Client 49] Round 1 - Waiting for global weights...
    [Client 33] Round 1 - Training on local data...
    [Client 34] Round 1 - Training on local data...
    [Client 35] Round 1 - Training on local data...
    [Client 37] Round 1 - Training on local data...
    [Client 38] Round 1 - Training on local data...
    [Client 39] Round 1 - Training on local data...
    [Client 36] Round 1 - Training on local data...
    [Client 27] Round 1 - Waiting for global weights...
    [Client 41] Round 1 - Training on local data...
    [Client 10] Round 1 - Waiting for global weights...
    [Client 11] Round 1 - Waiting for global weights...
    [Client 16] Round 1 - Waiting for global weights...
    [Client 10] Round 1 - Training on local data...
    [Client 42] Round 1 - Training on local data...
    [Client 11] Round 1 - Training on local data...
    [Client 8] Round 1 - Training on local data...
    [Client 43] Round 1 - Training on local data...
    [Client 40] Round 1 - Training on local data...
    [Client 50] Round 1 - Training on local data...
    [Client 18] Round 1 - Training on local data...
    [Client 21] Round 1 - Training on local data...
    [Client 23] Round 1 - Training on local data...
    [Client 26] Round 1 - Training on local data...
    [Client 24] Round 1 - Training on local data...
    [Client 25] Round 1 - Training on local data...
    [Client 27] Round 1 - Training on local data...
    [Client 17] Round 1 - Waiting for global weights...
    [Client 49] Round 1 - Training on local data...
    [Client 17] Round 1 - Training on local data...
    [Client 48] Round 1 - Training on local data...
    [Client 12] Round 1 - Waiting for global weights...
    [Client 44] Round 1 - Waiting for global weights...
Waiting for model weights from client 1...
    [Client 22] Round 1 - Waiting for global weights...
    [Client 32] Round 1 - Training on local data...
    [Client 13] Round 1 - Training on local data...
    [Client 15] Round 1 - Training on local data...
    [Client 31] Round 1 - Training on local data...
    [Client 29] Round 1 - Training on local data...
    [Client 47] Round 1 - Training on local data...
    [Client 45] Round 1 - Training on local data...
    [Client 22] Round 1 - Training on local data...
    [Client 20] Round 1 - Training on local data...
    [Client 14] Round 1 - Waiting for global weights...
    [Client 14] Round 1 - Training on local data...
    [Client 44] Round 1 - Training on local data...
    [Client 12] Round 1 - Training on local data...
    [Client 46] Round 1 - Training on local data...
    [Client 30] Round 1 - Training on local data...
    [Client 28] Round 1 - Training on local data...
    [Client 19] Round 1 - Waiting for global weights...
    [Client 19] Round 1 - Training on local data...
    [Client 16] Round 1 - Training on local data...
    [Client 1] System Stats: {'cpu_time': 22.009999997913837, 'ram_used_mb': 2250.5472, 'net_sent_bytes': 10443, 'net_recv_bytes': 18697, 'gpu_mem_used_mb': 38911.0, 'gpu_load': 0.0, 'client_rank': 1, 'round': 1, 'timestamp': '2025-08-11 08:33:06'}
    [Client 46] System Stats: {'cpu_time': 36.09000000357628, 'ram_used_mb': 2240.9216, 'net_sent_bytes': 3127, 'net_recv_bytes': 11293, 'gpu_mem_used_mb': 38911.0, 'gpu_load': 0.0, 'client_rank': 46, 'round': 1, 'timestamp': '2025-08-11 08:33:06'}
    [Client 34] System Stats: {'cpu_time': 54.51999999769032, 'ram_used_mb': 2759.729152, 'net_sent_bytes': 65614, 'net_recv_bytes': 69593, 'gpu_mem_used_mb': 38937.0, 'gpu_load': 0.0, 'client_rank': 34, 'round': 1, 'timestamp': '2025-08-11 08:33:10'}
    [Client 30] System Stats: {'cpu_time': 49.809999998658895, 'ram_used_mb': 2781.47072, 'net_sent_bytes': 31195, 'net_recv_bytes': 89876, 'gpu_mem_used_mb': 38937.0, 'gpu_load': 0.0, 'client_rank': 30, 'round': 1, 'timestamp': '2025-08-11 08:33:10'}
    [Client 33] System Stats: {'cpu_time': 33.689999997615814, 'ram_used_mb': 2778.046464, 'net_sent_bytes': 26856, 'net_recv_bytes': 52268, 'gpu_mem_used_mb': 38937.0, 'gpu_load': 0.0, 'client_rank': 33, 'round': 1, 'timestamp': '2025-08-11 08:33:10'}
    [Client 40] System Stats: {'cpu_time': 77.81000000238419, 'ram_used_mb': 2790.637568, 'net_sent_bytes': 21920, 'net_recv_bytes': 50380, 'gpu_mem_used_mb': 38937.0, 'gpu_load': 0.0, 'client_rank': 40, 'round': 1, 'timestamp': '2025-08-11 08:33:11'}
    [Client 33] Statistical Utility: {'client_rank': 33, 'round': 1, 'data_size': 18, 'data_variance': 0.06637631356716156, 'local_loss': 2.928290843963623, 'local_accuracy': 5.55555559694767}
    [Client 34] Statistical Utility: {'client_rank': 34, 'round': 1, 'data_size': 9, 'data_variance': 0.05088473856449127, 'local_loss': 3.1500329971313477, 'local_accuracy': 0.0}
    [Client 30] Statistical Utility: {'client_rank': 30, 'round': 1, 'data_size': 2, 'data_variance': 0.03961440920829773, 'local_loss': 3.8526244163513184, 'local_accuracy': 0.0}
    [Client 33] Round 1 - Sending updated weights to server...
    [Client 40] Statistical Utility: {'client_rank': 40, 'round': 1, 'data_size': 6, 'data_variance': 0.07636207342147827, 'local_loss': 3.159447431564331, 'local_accuracy': 16.66666716337204}
    [Client 30] Round 1 - Sending updated weights to server...
    [Client 40] Round 1 - Sending updated weights to server...
    [Client 50] System Stats: {'cpu_time': 59.690000001341105, 'ram_used_mb': 2778.226688, 'net_sent_bytes': 671267, 'net_recv_bytes': 148253945, 'gpu_mem_used_mb': 38937.0, 'gpu_load': 0.0, 'client_rank': 50, 'round': 1, 'timestamp': '2025-08-11 08:33:12'}
    [Client 34] Round 1 - Sending updated weights to server...
    [Client 50] Statistical Utility: {'client_rank': 50, 'round': 1, 'data_size': 20, 'data_variance': 0.060654155910015106, 'local_loss': 3.627321243286133, 'local_accuracy': 10.000000149011612}
    [Client 43] System Stats: {'cpu_time': 131.33000000193715, 'ram_used_mb': 2850.217984, 'net_sent_bytes': 39644, 'net_recv_bytes': 45169, 'gpu_mem_used_mb': 38937.0, 'gpu_load': 0.01, 'client_rank': 43, 'round': 1, 'timestamp': '2025-08-11 08:33:13'}
    [Client 47] System Stats: {'cpu_time': 174.2800000011921, 'ram_used_mb': 2878.631936, 'net_sent_bytes': 110393, 'net_recv_bytes': 96898, 'gpu_mem_used_mb': 38937.0, 'gpu_load': 0.01, 'client_rank': 47, 'round': 1, 'timestamp': '2025-08-11 08:33:13'}
    [Client 37] System Stats: {'cpu_time': 62.73000000230968, 'ram_used_mb': 2833.313792, 'net_sent_bytes': 41661, 'net_recv_bytes': 81971, 'gpu_mem_used_mb': 38937.0, 'gpu_load': 0.0, 'client_rank': 37, 'round': 1, 'timestamp': '2025-08-11 08:33:13'}
    [Client 41] System Stats: {'cpu_time': 45.57000000029802, 'ram_used_mb': 2861.21984, 'net_sent_bytes': 2295, 'net_recv_bytes': 42754, 'gpu_mem_used_mb': 38937.0, 'gpu_load': 0.0, 'client_rank': 41, 'round': 1, 'timestamp': '2025-08-11 08:33:13'}
    [Client 5] System Stats: {'cpu_time': 88.16000000014901, 'ram_used_mb': 2861.846528, 'net_sent_bytes': 76134, 'net_recv_bytes': 85004, 'gpu_mem_used_mb': 38937.0, 'gpu_load': 0.0, 'client_rank': 5, 'round': 1, 'timestamp': '2025-08-11 08:33:13'}
    [Client 39] System Stats: {'cpu_time': 168.69999999925494, 'ram_used_mb': 2860.179456, 'net_sent_bytes': 61293, 'net_recv_bytes': 54627, 'gpu_mem_used_mb': 38937.0, 'gpu_load': 0.0, 'client_rank': 39, 'round': 1, 'timestamp': '2025-08-11 08:33:13'}
    [Client 8] System Stats: {'cpu_time': 48.899999998509884, 'ram_used_mb': 2909.5936, 'net_sent_bytes': 81751, 'net_recv_bytes': 101273, 'gpu_mem_used_mb': 38937.0, 'gpu_load': 0.0, 'client_rank': 8, 'round': 1, 'timestamp': '2025-08-11 08:33:13'}
    [Client 15] System Stats: {'cpu_time': 26.669999999925494, 'ram_used_mb': 2875.252736, 'net_sent_bytes': 91148, 'net_recv_bytes': 152340, 'gpu_mem_used_mb': 38937.0, 'gpu_load': 0.01, 'client_rank': 15, 'round': 1, 'timestamp': '2025-08-11 08:33:13'}
    [Client 38] System Stats: {'cpu_time': 35.85999999195337, 'ram_used_mb': 2835.628032, 'net_sent_bytes': 39536, 'net_recv_bytes': 54526, 'gpu_mem_used_mb': 38937.0, 'gpu_load': 0.0, 'client_rank': 38, 'round': 1, 'timestamp': '2025-08-11 08:33:13'}
    [Client 2] System Stats: {'cpu_time': 43.42999999970198, 'ram_used_mb': 2939.5968, 'net_sent_bytes': 2432, 'net_recv_bytes': 42544, 'gpu_mem_used_mb': 38937.0, 'gpu_load': 0.0, 'client_rank': 2, 'round': 1, 'timestamp': '2025-08-11 08:33:13'}
    [Client 6] System Stats: {'cpu_time': 83.61999999731779, 'ram_used_mb': 2904.199168, 'net_sent_bytes': 83964, 'net_recv_bytes': 102404, 'gpu_mem_used_mb': 38937.0, 'gpu_load': 0.0, 'client_rank': 6, 'round': 1, 'timestamp': '2025-08-11 08:33:14'}
    [Client 9] System Stats: {'cpu_time': 75.7800000011921, 'ram_used_mb': 2939.71968, 'net_sent_bytes': 82297, 'net_recv_bytes': 128171, 'gpu_mem_used_mb': 38937.0, 'gpu_load': 0.0, 'client_rank': 9, 'round': 1, 'timestamp': '2025-08-11 08:33:14'}
    [Client 50] Round 1 - Sending updated weights to server...
    [Client 17] System Stats: {'cpu_time': 87.1900000050664, 'ram_used_mb': 2899.329024, 'net_sent_bytes': 23462, 'net_recv_bytes': 63616, 'gpu_mem_used_mb': 38937.0, 'gpu_load': 0.0, 'client_rank': 17, 'round': 1, 'timestamp': '2025-08-11 08:33:14'}
    [Client 45] System Stats: {'cpu_time': 85.5599999949336, 'ram_used_mb': 2857.435136, 'net_sent_bytes': 71206, 'net_recv_bytes': 77637, 'gpu_mem_used_mb': 38937.0, 'gpu_load': 0.0, 'client_rank': 45, 'round': 1, 'timestamp': '2025-08-11 08:33:14'}
    [Client 26] System Stats: {'cpu_time': 31.16000000014901, 'ram_used_mb': 2837.807104, 'net_sent_bytes': 82663, 'net_recv_bytes': 174256, 'gpu_mem_used_mb': 38937.0, 'gpu_load': 0.0, 'client_rank': 26, 'round': 1, 'timestamp': '2025-08-11 08:33:14'}
    [Client 21] System Stats: {'cpu_time': 33.09999999962747, 'ram_used_mb': 2859.54048, 'net_sent_bytes': 80082, 'net_recv_bytes': 93142, 'gpu_mem_used_mb': 38937.0, 'gpu_load': 0.0, 'client_rank': 21, 'round': 1, 'timestamp': '2025-08-11 08:33:14'}
    [Client 36] System Stats: {'cpu_time': 60.08000000193715, 'ram_used_mb': 2858.962944, 'net_sent_bytes': 58705, 'net_recv_bytes': 79863, 'gpu_mem_used_mb': 38937.0, 'gpu_load': 0.0, 'client_rank': 36, 'round': 1, 'timestamp': '2025-08-11 08:33:14'}
    [Client 22] System Stats: {'cpu_time': 36.67000000178814, 'ram_used_mb': 2901.069824, 'net_sent_bytes': 48578, 'net_recv_bytes': 89138, 'gpu_mem_used_mb': 38937.0, 'gpu_load': 0.0, 'client_rank': 22, 'round': 1, 'timestamp': '2025-08-11 08:33:14'}
    [Client 42] System Stats: {'cpu_time': 44.940000005066395, 'ram_used_mb': 2856.198144, 'net_sent_bytes': 53715, 'net_recv_bytes': 55705, 'gpu_mem_used_mb': 38937.0, 'gpu_load': 0.0, 'client_rank': 42, 'round': 1, 'timestamp': '2025-08-11 08:33:14'}
    [Client 18] System Stats: {'cpu_time': 99.1900000013411, 'ram_used_mb': 2914.615296, 'net_sent_bytes': 62108, 'net_recv_bytes': 98422, 'gpu_mem_used_mb': 38937.0, 'gpu_load': 0.0, 'client_rank': 18, 'round': 1, 'timestamp': '2025-08-11 08:33:14'}
    [Client 24] System Stats: {'cpu_time': 66.77000000327826, 'ram_used_mb': 2840.522752, 'net_sent_bytes': 77269, 'net_recv_bytes': 90173, 'gpu_mem_used_mb': 38937.0, 'gpu_load': 0.0, 'client_rank': 24, 'round': 1, 'timestamp': '2025-08-11 08:33:14'}
    [Client 31] System Stats: {'cpu_time': 42.7200000025332, 'ram_used_mb': 2938.208256, 'net_sent_bytes': 6453, 'net_recv_bytes': 81045, 'gpu_mem_used_mb': 38937.0, 'gpu_load': 0.0, 'client_rank': 31, 'round': 1, 'timestamp': '2025-08-11 08:33:14'}
    [Client 4] System Stats: {'cpu_time': 41.019999999552965, 'ram_used_mb': 2931.953664, 'net_sent_bytes': 54022, 'net_recv_bytes': 134271, 'gpu_mem_used_mb': 38937.0, 'gpu_load': 0.0, 'client_rank': 4, 'round': 1, 'timestamp': '2025-08-11 08:33:14'}
    [Client 35] System Stats: {'cpu_time': 26.950000002980232, 'ram_used_mb': 2913.349632, 'net_sent_bytes': 2025, 'net_recv_bytes': 41911, 'gpu_mem_used_mb': 38937.0, 'gpu_load': 0.0, 'client_rank': 35, 'round': 1, 'timestamp': '2025-08-11 08:33:14'}
    [Client 16] System Stats: {'cpu_time': 110.9400000013411, 'ram_used_mb': 2930.274304, 'net_sent_bytes': 99032, 'net_recv_bytes': 114753, 'gpu_mem_used_mb': 38937.0, 'gpu_load': 0.0, 'client_rank': 16, 'round': 1, 'timestamp': '2025-08-11 08:33:14'}
    [Client 3] System Stats: {'cpu_time': 32.33999999798834, 'ram_used_mb': 2848.608256, 'net_sent_bytes': 58155, 'net_recv_bytes': 3402507, 'gpu_mem_used_mb': 38937.0, 'gpu_load': 0.0, 'client_rank': 3, 'round': 1, 'timestamp': '2025-08-11 08:33:14'}
    [Client 13] System Stats: {'cpu_time': 122.07000000029802, 'ram_used_mb': 2853.732352, 'net_sent_bytes': 40898, 'net_recv_bytes': 3575745, 'gpu_mem_used_mb': 38937.0, 'gpu_load': 0.0, 'client_rank': 13, 'round': 1, 'timestamp': '2025-08-11 08:33:14'}
    [Client 27] System Stats: {'cpu_time': 87.82000000029802, 'ram_used_mb': 2936.467456, 'net_sent_bytes': 103044, 'net_recv_bytes': 128316, 'gpu_mem_used_mb': 38937.0, 'gpu_load': 0.0, 'client_rank': 27, 'round': 1, 'timestamp': '2025-08-11 08:33:14'}
    [Client 11] System Stats: {'cpu_time': 90.5, 'ram_used_mb': 2918.2976, 'net_sent_bytes': 2107, 'net_recv_bytes': 41591, 'gpu_mem_used_mb': 38937.0, 'gpu_load': 0.0, 'client_rank': 11, 'round': 1, 'timestamp': '2025-08-11 08:33:14'}
    [Client 32] System Stats: {'cpu_time': 28.099999997764826, 'ram_used_mb': 2902.061056, 'net_sent_bytes': 63560, 'net_recv_bytes': 150892, 'gpu_mem_used_mb': 38937.0, 'gpu_load': 0.0, 'client_rank': 32, 'round': 1, 'timestamp': '2025-08-11 08:33:14'}
    [Client 23] System Stats: {'cpu_time': 77.82000000029802, 'ram_used_mb': 2910.666752, 'net_sent_bytes': 43503, 'net_recv_bytes': 83453, 'gpu_mem_used_mb': 38937.0, 'gpu_load': 0.01, 'client_rank': 23, 'round': 1, 'timestamp': '2025-08-11 08:33:14'}
    [Client 12] System Stats: {'cpu_time': 137.19999999925494, 'ram_used_mb': 2941.91104, 'net_sent_bytes': 125355, 'net_recv_bytes': 114325, 'gpu_mem_used_mb': 38937.0, 'gpu_load': 0.0, 'client_rank': 12, 'round': 1, 'timestamp': '2025-08-11 08:33:14'}
    [Client 49] System Stats: {'cpu_time': 167.92999999970198, 'ram_used_mb': 2916.093952, 'net_sent_bytes': 168485, 'net_recv_bytes': 121599, 'gpu_mem_used_mb': 38937.0, 'gpu_load': 0.0, 'client_rank': 49, 'round': 1, 'timestamp': '2025-08-11 08:33:14'}
    [Client 7] System Stats: {'cpu_time': 123.47000000067055, 'ram_used_mb': 2861.969408, 'net_sent_bytes': 36297, 'net_recv_bytes': 49563, 'gpu_mem_used_mb': 38937.0, 'gpu_load': 0.0, 'client_rank': 7, 'round': 1, 'timestamp': '2025-08-11 08:33:14'}
    [Client 14] System Stats: {'cpu_time': 61.37000000476837, 'ram_used_mb': 2936.307712, 'net_sent_bytes': 76822, 'net_recv_bytes': 66946, 'gpu_mem_used_mb': 38937.0, 'gpu_load': 0.01, 'client_rank': 14, 'round': 1, 'timestamp': '2025-08-11 08:33:14'}
    [Client 25] System Stats: {'cpu_time': 150.2499999962747, 'ram_used_mb': 2822.680576, 'net_sent_bytes': 133714, 'net_recv_bytes': 100913, 'gpu_mem_used_mb': 38937.0, 'gpu_load': 0.0, 'client_rank': 25, 'round': 1, 'timestamp': '2025-08-11 08:33:14'}
    [Client 28] System Stats: {'cpu_time': 51.519999999552965, 'ram_used_mb': 2884.845568, 'net_sent_bytes': 70805, 'net_recv_bytes': 116408, 'gpu_mem_used_mb': 38937.0, 'gpu_load': 0.0, 'client_rank': 28, 'round': 1, 'timestamp': '2025-08-11 08:33:14'}
    [Client 20] System Stats: {'cpu_time': 96.45000000298023, 'ram_used_mb': 2924.498944, 'net_sent_bytes': 93462, 'net_recv_bytes': 81622, 'gpu_mem_used_mb': 38937.0, 'gpu_load': 0.0, 'client_rank': 20, 'round': 1, 'timestamp': '2025-08-11 08:33:14'}
    [Client 44] System Stats: {'cpu_time': 72.19999999925494, 'ram_used_mb': 2927.153152, 'net_sent_bytes': 248081, 'net_recv_bytes': 3211020, 'gpu_mem_used_mb': 38937.0, 'gpu_load': 0.0, 'client_rank': 44, 'round': 1, 'timestamp': '2025-08-11 08:33:14'}
    [Client 43] Statistical Utility: {'client_rank': 43, 'round': 1, 'data_size': 44, 'data_variance': 0.06245296075940132, 'local_loss': 3.675044059753418, 'local_accuracy': 9.090909361839294}
    [Client 37] Statistical Utility: {'client_rank': 37, 'round': 1, 'data_size': 69, 'data_variance': 0.06264477223157883, 'local_loss': 4.00851583480835, 'local_accuracy': 10.144927352666855}
    [Client 41] Statistical Utility: {'client_rank': 41, 'round': 1, 'data_size': 233, 'data_variance': 0.06213654950261116, 'local_loss': 4.282648086547852, 'local_accuracy': 14.592275023460388}
    [Client 39] Statistical Utility: {'client_rank': 39, 'round': 1, 'data_size': 334, 'data_variance': 0.06224486604332924, 'local_loss': 4.082394599914551, 'local_accuracy': 11.676646769046783}
    [Client 10] System Stats: {'cpu_time': 165.99000000022352, 'ram_used_mb': 2901.225472, 'net_sent_bytes': 206233, 'net_recv_bytes': 18792893, 'gpu_mem_used_mb': 38937.0, 'gpu_load': 0.0, 'client_rank': 10, 'round': 1, 'timestamp': '2025-08-11 08:33:15'}
    [Client 5] Statistical Utility: {'client_rank': 5, 'round': 1, 'data_size': 76, 'data_variance': 0.07305004447698593, 'local_loss': 2.860107421875, 'local_accuracy': 9.210526198148727}
    [Client 15] Statistical Utility: {'client_rank': 15, 'round': 1, 'data_size': 428, 'data_variance': 0.06435780972242355, 'local_loss': 4.288634300231934, 'local_accuracy': 11.682242900133133}
    [Client 38] Statistical Utility: {'client_rank': 38, 'round': 1, 'data_size': 432, 'data_variance': 0.06299155205488205, 'local_loss': 4.2699384689331055, 'local_accuracy': 9.02777761220932}
    [Client 47] Statistical Utility: {'client_rank': 47, 'round': 1, 'data_size': 450, 'data_variance': 0.0644865483045578, 'local_loss': 3.069713592529297, 'local_accuracy': 10.444444417953491}
    [Client 36] Statistical Utility: {'client_rank': 36, 'round': 1, 'data_size': 703, 'data_variance': 0.06370081007480621, 'local_loss': 4.528453826904297, 'local_accuracy': 8.819345384836197}
    [Client 45] Statistical Utility: {'client_rank': 45, 'round': 1, 'data_size': 171, 'data_variance': 0.062018100172281265, 'local_loss': 3.6878180503845215, 'local_accuracy': 9.941520541906357}
    [Client 17] Statistical Utility: {'client_rank': 17, 'round': 1, 'data_size': 953, 'data_variance': 0.06317947059869766, 'local_loss': 2.7030112743377686, 'local_accuracy': 15.005247294902802}
    [Client 21] Statistical Utility: {'client_rank': 21, 'round': 1, 'data_size': 336, 'data_variance': 0.06438511610031128, 'local_loss': 4.319336891174316, 'local_accuracy': 14.88095223903656}
    [Client 42] Statistical Utility: {'client_rank': 42, 'round': 1, 'data_size': 178, 'data_variance': 0.06381475925445557, 'local_loss': 3.4949495792388916, 'local_accuracy': 9.550561755895615}
    [Client 22] Statistical Utility: {'client_rank': 22, 'round': 1, 'data_size': 1106, 'data_variance': 0.06436236947774887, 'local_loss': 2.6559360027313232, 'local_accuracy': 13.924050331115723}
    [Client 6] Statistical Utility: {'client_rank': 6, 'round': 1, 'data_size': 742, 'data_variance': 0.0650319755077362, 'local_loss': 4.982019424438477, 'local_accuracy': 9.433962404727936}
    [Client 26] Statistical Utility: {'client_rank': 26, 'round': 1, 'data_size': 102, 'data_variance': 0.06432703882455826, 'local_loss': 3.284107208251953, 'local_accuracy': 17.64705926179886}
    [Client 24] Statistical Utility: {'client_rank': 24, 'round': 1, 'data_size': 285, 'data_variance': 0.06438607722520828, 'local_loss': 4.758343696594238, 'local_accuracy': 16.842105984687805}
    [Client 48] System Stats: {'cpu_time': 51.76000000163913, 'ram_used_mb': 2866.458624, 'net_sent_bytes': 42015, 'net_recv_bytes': 69072, 'gpu_mem_used_mb': 38937.0, 'gpu_load': 0.0, 'client_rank': 48, 'round': 1, 'timestamp': '2025-08-11 08:33:15'}
    [Client 2] Statistical Utility: {'client_rank': 2, 'round': 1, 'data_size': 1893, 'data_variance': 0.06272799521684647, 'local_loss': 3.1962878704071045, 'local_accuracy': 15.266771614551544}
    [Client 9] Statistical Utility: {'client_rank': 9, 'round': 1, 'data_size': 1957, 'data_variance': 0.06353020668029785, 'local_loss': 2.5897183418273926, 'local_accuracy': 17.015840113162994}
    [Client 8] Statistical Utility: {'client_rank': 8, 'round': 1, 'data_size': 930, 'data_variance': 0.06427856534719467, 'local_loss': 3.4318761825561523, 'local_accuracy': 13.333334028720856}
    [Client 31] Statistical Utility: {'client_rank': 31, 'round': 1, 'data_size': 2477, 'data_variance': 0.06297549605369568, 'local_loss': 2.4182610511779785, 'local_accuracy': 19.014936685562134}
    [Client 3] Statistical Utility: {'client_rank': 3, 'round': 1, 'data_size': 444, 'data_variance': 0.06168828904628754, 'local_loss': 4.3799872398376465, 'local_accuracy': 9.909909963607788}
    [Client 18] Statistical Utility: {'client_rank': 18, 'round': 1, 'data_size': 1188, 'data_variance': 0.06375398486852646, 'local_loss': 3.1284148693084717, 'local_accuracy': 11.784511804580688}
    [Client 4] Statistical Utility: {'client_rank': 4, 'round': 1, 'data_size': 1978, 'data_variance': 0.0644981637597084, 'local_loss': 3.6470391750335693, 'local_accuracy': 15.672396123409271}
    [Client 35] Statistical Utility: {'client_rank': 35, 'round': 1, 'data_size': 1683, 'data_variance': 0.06292140483856201, 'local_loss': 2.5710389614105225, 'local_accuracy': 17.05288141965866}
    [Client 13] Statistical Utility: {'client_rank': 13, 'round': 1, 'data_size': 499, 'data_variance': 0.06328179687261581, 'local_loss': 4.14828634262085, 'local_accuracy': 10.220441222190857}
    [Client 16] Statistical Utility: {'client_rank': 16, 'round': 1, 'data_size': 2092, 'data_variance': 0.06358769536018372, 'local_loss': 2.5950963497161865, 'local_accuracy': 19.16826069355011}
    [Client 11] Statistical Utility: {'client_rank': 11, 'round': 1, 'data_size': 2681, 'data_variance': 0.06270787119865417, 'local_loss': 2.4411017894744873, 'local_accuracy': 20.626631379127502}
    [Client 29] System Stats: {'cpu_time': 54.399999998509884, 'ram_used_mb': 2856.050688, 'net_sent_bytes': 3068, 'net_recv_bytes': 50350, 'gpu_mem_used_mb': 38937.0, 'gpu_load': 0.01, 'client_rank': 29, 'round': 1, 'timestamp': '2025-08-11 08:33:15'}
    [Client 49] Statistical Utility: {'client_rank': 49, 'round': 1, 'data_size': 1507, 'data_variance': 0.063163623213768, 'local_loss': 2.4220821857452393, 'local_accuracy': 16.191108524799347}
    [Client 12] Statistical Utility: {'client_rank': 12, 'round': 1, 'data_size': 2239, 'data_variance': 0.06357159465551376, 'local_loss': 2.378657102584839, 'local_accuracy': 19.830282032489777}
    [Client 23] Statistical Utility: {'client_rank': 23, 'round': 1, 'data_size': 1587, 'data_variance': 0.06384697556495667, 'local_loss': 2.2583134174346924, 'local_accuracy': 20.919974148273468}
    [Client 32] Statistical Utility: {'client_rank': 32, 'round': 1, 'data_size': 2033, 'data_variance': 0.062356848269701004, 'local_loss': 2.974609375, 'local_accuracy': 16.92080646753311}
    [Client 41] Round 1 - Sending updated weights to server...
    [Client 27] Statistical Utility: {'client_rank': 27, 'round': 1, 'data_size': 2116, 'data_variance': 0.06215247884392738, 'local_loss': 2.282180070877075, 'local_accuracy': 24.007561802864075}
    [Client 19] System Stats: {'cpu_time': 196.54000000003725, 'ram_used_mb': 2862.440448, 'net_sent_bytes': 379427, 'net_recv_bytes': 50751174, 'gpu_mem_used_mb': 38937.0, 'gpu_load': 0.0, 'client_rank': 19, 'round': 1, 'timestamp': '2025-08-11 08:33:15'}
    [Client 42] Round 1 - Sending updated weights to server...
    [Client 7] Statistical Utility: {'client_rank': 7, 'round': 1, 'data_size': 42, 'data_variance': 0.07293379306793213, 'local_loss': 3.0421884059906006, 'local_accuracy': 7.14285746216774}
    [Client 28] Statistical Utility: {'client_rank': 28, 'round': 1, 'data_size': 1275, 'data_variance': 0.06321302056312561, 'local_loss': 3.0990567207336426, 'local_accuracy': 15.999999642372131}
    [Client 45] Round 1 - Sending updated weights to server...
    [Client 5] Round 1 - Sending updated weights to server...
    [Client 25] Statistical Utility: {'client_rank': 25, 'round': 1, 'data_size': 49, 'data_variance': 0.07454814016819, 'local_loss': 3.3604798316955566, 'local_accuracy': 6.122449040412903}
    [Client 20] Statistical Utility: {'client_rank': 20, 'round': 1, 'data_size': 1823, 'data_variance': 0.06320512294769287, 'local_loss': 2.309171676635742, 'local_accuracy': 20.954470336437225}
    [Client 44] Statistical Utility: {'client_rank': 44, 'round': 1, 'data_size': 3135, 'data_variance': 0.06253901869058609, 'local_loss': 2.404841899871826, 'local_accuracy': 22.55183458328247}
    [Client 37] Round 1 - Sending updated weights to server...
    [Client 14] Statistical Utility: {'client_rank': 14, 'round': 1, 'data_size': 5833, 'data_variance': 0.06369656324386597, 'local_loss': 2.2868094444274902, 'local_accuracy': 21.206925809383392}
    [Client 24] Round 1 - Sending updated weights to server...
    [Client 21] Round 1 - Sending updated weights to server...
    [Client 15] Round 1 - Sending updated weights to server...
    [Client 39] Round 1 - Sending updated weights to server...
    [Client 36] Round 1 - Sending updated weights to server...
    [Client 47] Round 1 - Sending updated weights to server...
    [Client 25] Round 1 - Sending updated weights to server...
    [Client 6] Round 1 - Sending updated weights to server...
    [Client 10] Statistical Utility: {'client_rank': 10, 'round': 1, 'data_size': 2246, 'data_variance': 0.06322770565748215, 'local_loss': 2.4979827404022217, 'local_accuracy': 17.40872710943222}
    [Client 18] Round 1 - Sending updated weights to server...
    [Client 26] Round 1 - Sending updated weights to server...
    [Client 35] Round 1 - Sending updated weights to server...
    [Client 17] Round 1 - Sending updated weights to server...
    [Client 8] Round 1 - Sending updated weights to server...
    [Client 7] Round 1 - Sending updated weights to server...
    [Client 48] Statistical Utility: {'client_rank': 48, 'round': 1, 'data_size': 365, 'data_variance': 0.061376094818115234, 'local_loss': 2.9242682456970215, 'local_accuracy': 14.794521033763885}
    [Client 13] Round 1 - Sending updated weights to server...
    [Client 43] Round 1 - Sending updated weights to server...
    [Client 23] Round 1 - Sending updated weights to server...
    [Client 16] Round 1 - Sending updated weights to server...
    [Client 32] Round 1 - Sending updated weights to server...
    [Client 20] Round 1 - Sending updated weights to server...
    [Client 11] Round 1 - Sending updated weights to server...
    [Client 29] Statistical Utility: {'client_rank': 29, 'round': 1, 'data_size': 377, 'data_variance': 0.0623992383480072, 'local_loss': 3.53971791267395, 'local_accuracy': 15.649867057800293}
    [Client 2] Round 1 - Sending updated weights to server...
    [Client 28] Round 1 - Sending updated weights to server...
    [Client 19] Statistical Utility: {'client_rank': 19, 'round': 1, 'data_size': 854, 'data_variance': 0.061128925532102585, 'local_loss': 2.797325372695923, 'local_accuracy': 11.241217702627182}
    [Client 44] Round 1 - Sending updated weights to server...
    [Client 49] Round 1 - Sending updated weights to server...
    [Client 27] Round 1 - Sending updated weights to server...
    [Client 22] Round 1 - Sending updated weights to server...
    [Client 19] Round 1 - Sending updated weights to server...
    [Client 4] Round 1 - Sending updated weights to server...
    [Client 29] Round 1 - Sending updated weights to server...
    [Client 14] Round 1 - Sending updated weights to server...
    [Client 48] Round 1 - Sending updated weights to server...
    [Client 12] Round 1 - Sending updated weights to server...
    [Client 10] Round 1 - Sending updated weights to server...
    [Client 3] Round 1 - Sending updated weights to server...
    [Client 9] Round 1 - Sending updated weights to server...
    [Client 31] Round 1 - Sending updated weights to server...
    [Client 38] Round 1 - Sending updated weights to server...
