    [Client 1] Initializing...
    [Client 1] Starting on host: ng10102
    [Client 10] Initializing...
    [Client 10] Starting on host: ng10607
    [Client 35] Initializing...
    [Client 35] Starting on host: ng20201
    [Client 6] Initializing...
    [Client 6] Starting on host: ng10601
    [Client 16] Initializing...
    [Client 16] Starting on host: ng10704
    [Client 42] Initializing...
    [Client 42] Starting on host: ng30604
    [Client 24] Initializing...
    [Client 24] Starting on host: ng10904
    [Client 28] Initializing...
    [Client 28] Starting on host: ng11006
    [Client 22] Initializing...
    [Client 22] Starting on host: ng10902
    [Client 26] Initializing...
    [Client 26] Starting on host: ng11001
    [Client 21] Initializing...
    [Client 21] Starting on host: ng10901
    [Client 31] Initializing...
    [Client 31] Starting on host: ng11106
    [Client 19] Initializing...
    [Client 19] Starting on host: ng10802
    [Client 29] Initializing...
    [Client 29] Starting on host: ng11101
    [Client 11] Initializing...
    [Client 11] Starting on host: ng10608
    [Client 23] Initializing...
    [Client 23] Starting on host: ng10903
    [Client 38] Initializing...
    [Client 38] Starting on host: ng20204
    [Client 25] Initializing...
    [Client 25] Starting on host: ng10906
    [Client 15] Initializing...
    [Client 15] Starting on host: ng10703
    [Client 4] Initializing...
    [Client 4] Starting on host: ng10403
    [Client 9] Initializing...
    [Client 9] Starting on host: ng10605
    [Client 46] Initializing...
    [Client 46] Starting on host: ng30707
    [Client 2] Initializing...
    [Client 2] Starting on host: ng10103
    [Client 5] Initializing...
    [Client 5] Starting on host: ng10404
    [Client 44] Initializing...
    [Client 44] Starting on host: ng30702
    [Client 12] Initializing...
    [Client 12] Starting on host: ng10609
    [Client 47] Initializing...
    [Client 47] Starting on host: ng30709
    [Client 20] Initializing...
    [Client 20] Starting on host: ng10805
    [Client 37] Initializing...
    [Client 37] Starting on host: ng20203
    [Client 32] Initializing...
    [Client 32] Starting on host: ng20102
    [Client 14] Initializing...
    [Client 14] Starting on host: ng10701
    [Client 39] Initializing...
    [Client 39] Starting on host: ng30601
    [Client 36] Initializing...
    [Client 36] Starting on host: ng20202
    [Client 17] Initializing...
    [Client 17] Starting on host: ng10709
    [Client 43] Initializing...
    [Client 43] Starting on host: ng30605
    [Client 48] Initializing...
    [Client 48] Starting on host: ng30710
    [Client 30] Initializing...
    [Client 30] Starting on host: ng11103
    [Client 18] Initializing...
    [Client 18] Starting on host: ng10801
    [Client 7] Initializing...
    [Client 7] Starting on host: ng10603
    [Client 3] Initializing...
    [Client 3] Starting on host: ng10401
    [Client 45] Initializing...
    [Client 45] Starting on host: ng30706
    [Client 34] Initializing...
    [Client 34] Starting on host: ng20104
Loading data from .npy files...
Training set: (50000, 32, 32, 3), Labels: (50000, 1)
Test set:     (10000, 32, 32, 3), Labels: (10000, 1)
[Client 1] Generated proportions: [5.53401692e-02 5.27946161e-02 8.12232683e-03 9.08598400e-03
 1.16488623e-02 9.63863659e-04 2.19159956e-02 2.15547833e-03
 1.17548527e-02 8.36074342e-02 3.60959004e-03 6.69459022e-02
 8.38087291e-03 7.71894691e-03 3.70593970e-02 5.61164666e-02
 2.11415240e-02 1.42943227e-06 8.93065253e-05 5.00550857e-03
 3.02001575e-02 1.13264316e-02 2.61393883e-02 5.02277181e-02
 1.12082717e-03 5.06151281e-04 1.61042480e-04 7.96713237e-05
 9.80697912e-05 5.91107272e-02 7.01981832e-03 1.36069512e-02
 1.87018275e-03 2.92429103e-05 2.76186406e-03 1.33208147e-02
 6.82207836e-07 6.29369786e-02 6.62651312e-03 2.07703830e-02
 5.85358165e-06 2.34830222e-03 9.19426987e-02 5.54541454e-04
 2.84896247e-02 2.14437951e-02 6.28135690e-03 7.48182415e-02
 6.96236019e-05 2.67381957e-03]
    [Client 40] Initializing...
    [Client 40] Starting on host: ng30602
Loading data from .npy files...
Training set: (50000, 32, 32, 3), Labels: (50000, 1)
Test set:     (10000, 32, 32, 3), Labels: (10000, 1)
[Client 37] Assigned 0 samples (from 34051 to 34051)
Loading data from .npy files...
Training set: (50000, 32, 32, 3), Labels: (50000, 1)
Test set:     (10000, 32, 32, 3), Labels: (10000, 1)
[Client 18] Assigned 0 samples (from 22918 to 22918)
    [Client 27] Initializing...
    [Client 27] Starting on host: ng11004
    [Client 8] Initializing...
    [Client 8] Starting on host: ng10604
    [Client 33] Initializing...
    [Client 33] Starting on host: ng20103
Loading data from .npy files...
Training set: (50000, 32, 32, 3), Labels: (50000, 1)
Test set:     (10000, 32, 32, 3), Labels: (10000, 1)
[Client 34] Assigned 1 samples (from 33246 to 33247)
Loading data from .npy files...
Training set: (50000, 32, 32, 3), Labels: (50000, 1)
Test set:     (10000, 32, 32, 3), Labels: (10000, 1)
[Client 26] Assigned 25 samples (from 29123 to 29148)
Loading data from .npy files...
Training set: (50000, 32, 32, 3), Labels: (50000, 1)
Test set:     (10000, 32, 32, 3), Labels: (10000, 1)
[Client 28] Assigned 3 samples (from 29157 to 29160)
Loading data from .npy files...
Training set: (50000, 32, 32, 3), Labels: (50000, 1)
Test set:     (10000, 32, 32, 3), Labels: (10000, 1)
[Client 44] Assigned 28 samples (from 43283 to 43311)
Loading data from .npy files...
Training set: (50000, 32, 32, 3), Labels: (50000, 1)
Test set:     (10000, 32, 32, 3), Labels: (10000, 1)
[Client 19] Assigned 4 samples (from 22918 to 22922)
Loading data from .npy files...
Training set: (50000, 32, 32, 3), Labels: (50000, 1)
Test set:     (10000, 32, 32, 3), Labels: (10000, 1)
[Client 6] Assigned 48 samples (from 6849 to 6897)
Loading data from .npy files...
Training set: (50000, 32, 32, 3), Labels: (50000, 1)
Test set:     (10000, 32, 32, 3), Labels: (10000, 1)
[Client 25] Assigned 56 samples (from 29067 to 29123)
    [Client 41] Initializing...
    [Client 41] Starting on host: ng30603
    [Client 50] Initializing...
    [Client 50] Starting on host: ng30712
Loading data from .npy files...
Training set: (50000, 32, 32, 3), Labels: (50000, 1)
Test set:     (10000, 32, 32, 3), Labels: (10000, 1)
[Client 27] Assigned 9 samples (from 29148 to 29157)
    [Client 18] Round 1 - Waiting for global weights...
    [Client 37] Round 1 - Waiting for global weights...
Loading data from .npy files...
Training set: (50000, 32, 32, 3), Labels: (50000, 1)
Test set:     (10000, 32, 32, 3), Labels: (10000, 1)
[Client 41] Assigned 0 samples (from 38568 to 38568)
Loading data from .npy files...
Training set: (50000, 32, 32, 3), Labels: (50000, 1)
Test set:     (10000, 32, 32, 3), Labels: (10000, 1)
[Client 35] Assigned 138 samples (from 33247 to 33385)
=== Federated Server Started ===
Total processes: 51 (1 server + 50 clients)

Loading data from .npy files...
Training set: (50000, 32, 32, 3), Labels: (50000, 1)
Test set:     (10000, 32, 32, 3), Labels: (10000, 1)
[Client 20] Assigned 250 samples (from 22922 to 23172)
    [Client 34] Round 1 - Waiting for global weights...
Loading data from .npy files...
Training set: (50000, 32, 32, 3), Labels: (50000, 1)
Test set:     (10000, 32, 32, 3), Labels: (10000, 1)
[Client 50] Assigned 134 samples (from 49866 to 50000)
Loading data from .npy files...
Training set: (50000, 32, 32, 3), Labels: (50000, 1)
Test set:     (10000, 32, 32, 3), Labels: (10000, 1)
[Client 39] Assigned 332 samples (from 37198 to 37530)
Loading data from .npy files...
Training set: (50000, 32, 32, 3), Labels: (50000, 1)
Test set:     (10000, 32, 32, 3), Labels: (10000, 1)
[Client 31] Assigned 351 samples (from 32121 to 32472)
Loading data from .npy files...
Training set: (50000, 32, 32, 3), Labels: (50000, 1)
Test set:     (10000, 32, 32, 3), Labels: (10000, 1)
[Client 22] Assigned 567 samples (from 24682 to 25249)
    [Client 26] Round 1 - Waiting for global weights...
Loading data from .npy files...
Training set: (50000, 32, 32, 3), Labels: (50000, 1)
Test set:     (10000, 32, 32, 3), Labels: (10000, 1)
[Client 3] Assigned 406 samples (from 5406 to 5812)
Loading data from .npy files...
Training set: (50000, 32, 32, 3), Labels: (50000, 1)
Test set:     (10000, 32, 32, 3), Labels: (10000, 1)
[Client 9] Assigned 588 samples (from 8101 to 8689)
    [Client 28] Round 1 - Waiting for global weights...
[Client 1] Assigned 2767 samples (from 0 to 2767)
Loading data from .npy files...
Training set: (50000, 32, 32, 3), Labels: (50000, 1)
Test set:     (10000, 32, 32, 3), Labels: (10000, 1)
[Client 4] Assigned 455 samples (from 5812 to 6267)
Loading data from .npy files...
Training set: (50000, 32, 32, 3), Labels: (50000, 1)
Test set:     (10000, 32, 32, 3), Labels: (10000, 1)
[Client 7] Assigned 1096 samples (from 6897 to 7993)
    [Client 19] Round 1 - Waiting for global weights...
    [Client 44] Round 1 - Waiting for global weights...
Loading data from .npy files...
Training set: (50000, 32, 32, 3), Labels: (50000, 1)
Test set:     (10000, 32, 32, 3), Labels: (10000, 1)
[Client 32] Assigned 680 samples (from 32472 to 33152)
    [Client 6] Round 1 - Waiting for global weights...
Loading data from .npy files...
Training set: (50000, 32, 32, 3), Labels: (50000, 1)
Test set:     (10000, 32, 32, 3), Labels: (10000, 1)
[Client 10] Assigned 4180 samples (from 8689 to 12869)
    [Client 49] Initializing...
    [Client 49] Starting on host: ng30711
Loading data from .npy files...
Training set: (50000, 32, 32, 3), Labels: (50000, 1)
Test set:     (10000, 32, 32, 3), Labels: (10000, 1)
[Client 42] Assigned 118 samples (from 38568 to 38686)
Loading data from .npy files...
Training set: (50000, 32, 32, 3), Labels: (50000, 1)
Test set:     (10000, 32, 32, 3), Labels: (10000, 1)
[Client 24] Assigned 2511 samples (from 26556 to 29067)
Loading data from .npy files...
Training set: (50000, 32, 32, 3), Labels: (50000, 1)
Test set:     (10000, 32, 32, 3), Labels: (10000, 1)
[Client 33] Assigned 94 samples (from 33152 to 33246)
Loading data from .npy files...
Training set: (50000, 32, 32, 3), Labels: (50000, 1)
Test set:     (10000, 32, 32, 3), Labels: (10000, 1)
[Client 12] Assigned 3348 samples (from 13049 to 16397)
Loading data from .npy files...
Training set: (50000, 32, 32, 3), Labels: (50000, 1)
Test set:     (10000, 32, 32, 3), Labels: (10000, 1)
[Client 16] Assigned 2806 samples (from 19055 to 21861)
Loading data from .npy files...
Training set: (50000, 32, 32, 3), Labels: (50000, 1)
Test set:     (10000, 32, 32, 3), Labels: (10000, 1)
[Client 43] Assigned 4597 samples (from 38686 to 43283)
Loading data from .npy files...
Training set: (50000, 32, 32, 3), Labels: (50000, 1)
Test set:     (10000, 32, 32, 3), Labels: (10000, 1)
[Client 48] Assigned 3741 samples (from 46121 to 49862)
    [Client 27] Round 1 - Waiting for global weights...
Loading data from .npy files...
Training set: (50000, 32, 32, 3), Labels: (50000, 1)
Test set:     (10000, 32, 32, 3), Labels: (10000, 1)
[Client 8] Assigned 108 samples (from 7993 to 8101)
    [Client 35] Round 1 - Waiting for global weights...
    [Client 20] Round 1 - Waiting for global weights...
Loading data from .npy files...
Training set: (50000, 32, 32, 3), Labels: (50000, 1)
Test set:     (10000, 32, 32, 3), Labels: (10000, 1)
[Client 11] Assigned 180 samples (from 12869 to 13049)
    [Client 41] Round 1 - Waiting for global weights...
    [Client 31] Round 1 - Waiting for global weights...
    [Client 39] Round 1 - Waiting for global weights...
    [Client 50] Round 1 - Waiting for global weights...
Loading data from .npy files...
Training set: (50000, 32, 32, 3), Labels: (50000, 1)
Test set:     (10000, 32, 32, 3), Labels: (10000, 1)
[Client 49] Assigned 4 samples (from 49862 to 49866)
    [Client 3] Round 1 - Waiting for global weights...
    [Client 32] Round 1 - Waiting for global weights...
    [Client 1] Round 1 - Waiting for global weights...
    [Client 9] Round 1 - Waiting for global weights...
    [Client 4] Round 1 - Waiting for global weights...
    [Client 25] Round 1 - Waiting for global weights...
    [Client 7] Round 1 - Waiting for global weights...
    [Client 42] Round 1 - Waiting for global weights...
    [Client 10] Round 1 - Waiting for global weights...
    [Client 33] Round 1 - Waiting for global weights...
    [Client 24] Round 1 - Waiting for global weights...
    [Client 16] Round 1 - Waiting for global weights...
    [Client 12] Round 1 - Waiting for global weights...
    [Client 48] Round 1 - Waiting for global weights...
    [Client 43] Round 1 - Waiting for global weights...
    [Client 8] Round 1 - Waiting for global weights...
Loading data from .npy files...
Training set: (50000, 32, 32, 3), Labels: (50000, 1)
Test set:     (10000, 32, 32, 3), Labels: (10000, 1)
[Client 47] Assigned 314 samples (from 45807 to 46121)
    [Client 22] Round 1 - Waiting for global weights...
    [Client 11] Round 1 - Waiting for global weights...
Loading data from .npy files...
Training set: (50000, 32, 32, 3), Labels: (50000, 1)
Test set:     (10000, 32, 32, 3), Labels: (10000, 1)
[Client 36] Assigned 666 samples (from 33385 to 34051)
Loading data from .npy files...
Training set: (50000, 32, 32, 3), Labels: (50000, 1)
Test set:     (10000, 32, 32, 3), Labels: (10000, 1)
[Client 23] Assigned 1307 samples (from 25249 to 26556)
Loading data from .npy files...
Training set: (50000, 32, 32, 3), Labels: (50000, 1)
Test set:     (10000, 32, 32, 3), Labels: (10000, 1)
[Client 5] Assigned 582 samples (from 6267 to 6849)
Loading data from .npy files...
Training set: (50000, 32, 32, 3), Labels: (50000, 1)
Test set:     (10000, 32, 32, 3), Labels: (10000, 1)
[Client 17] Assigned 1057 samples (from 21861 to 22918)
Loading data from .npy files...
Training set: (50000, 32, 32, 3), Labels: (50000, 1)
Test set:     (10000, 32, 32, 3), Labels: (10000, 1)
[Client 2] Assigned 2639 samples (from 2767 to 5406)
Loading data from .npy files...
Training set: (50000, 32, 32, 3), Labels: (50000, 1)
Test set:     (10000, 32, 32, 3), Labels: (10000, 1)
[Client 21] Assigned 1510 samples (from 23172 to 24682)
Loading data from .npy files...
Training set: (50000, 32, 32, 3), Labels: (50000, 1)
Test set:     (10000, 32, 32, 3), Labels: (10000, 1)
[Client 14] Assigned 386 samples (from 16816 to 17202)
Loading data from .npy files...
Training set: (50000, 32, 32, 3), Labels: (50000, 1)
Test set:     (10000, 32, 32, 3), Labels: (10000, 1)
[Client 15] Assigned 1853 samples (from 17202 to 19055)
Loading data from .npy files...
Training set: (50000, 32, 32, 3), Labels: (50000, 1)
Test set:     (10000, 32, 32, 3), Labels: (10000, 1)
[Client 30] Assigned 2956 samples (from 29165 to 32121)
Loading data from .npy files...
Training set: (50000, 32, 32, 3), Labels: (50000, 1)
Test set:     (10000, 32, 32, 3), Labels: (10000, 1)
[Client 40] Assigned 1038 samples (from 37530 to 38568)
Loading data from .npy files...
Training set: (50000, 32, 32, 3), Labels: (50000, 1)
Test set:     (10000, 32, 32, 3), Labels: (10000, 1)
[Client 38] Assigned 3147 samples (from 34051 to 37198)
Loading data from .npy files...
Training set: (50000, 32, 32, 3), Labels: (50000, 1)
Test set:     (10000, 32, 32, 3), Labels: (10000, 1)
[Client 46] Assigned 1072 samples (from 44735 to 45807)
Loading data from .npy files...
Training set: (50000, 32, 32, 3), Labels: (50000, 10)
Test set:     (10000, 32, 32, 3), Labels: (10000, 10)

===== Round 1 =====
Broadcasting global model to all clients...
    [Client 47] Round 1 - Waiting for global weights...
    [Client 2] Round 1 - Waiting for global weights...
Waiting for model weights from client 1...
    [Client 2] Round 1 - Training on local data...
    [Client 1] Round 1 - Training on local data...
    [Client 3] Round 1 - Training on local data...
    [Client 6] Round 1 - Training on local data...
    [Client 9] Round 1 - Training on local data...
    [Client 10] Round 1 - Training on local data...
    [Client 7] Round 1 - Training on local data...
    [Client 11] Round 1 - Training on local data...
    [Client 8] Round 1 - Training on local data...
    [Client 19] Round 1 - Training on local data...
    [Client 33] Round 1 - Training on local data...
    [Client 18] Round 1 - Training on local data...
    [Client 35] Round 1 - Training on local data...
    [Client 50] Round 1 - Training on local data...
    [Client 22] Round 1 - Training on local data...
    [Client 27] Round 1 - Training on local data...
    [Client 25] Round 1 - Training on local data...
    [Client 26] Round 1 - Training on local data...
    [Client 24] Round 1 - Training on local data...
    [Client 17] Round 1 - Waiting for global weights...
    [Client 34] Round 1 - Training on local data...
    [Client 17] Round 1 - Training on local data...
    [Client 16] Round 1 - Training on local data...
    [Client 38] Round 1 - Waiting for global weights...
    [Client 14] Round 1 - Waiting for global weights...
    [Client 46] Round 1 - Waiting for global weights...
    [Client 15] Round 1 - Waiting for global weights...
    [Client 14] Round 1 - Training on local data...
    [Client 46] Round 1 - Training on local data...
    [Client 47] Round 1 - Training on local data...
    [Client 15] Round 1 - Training on local data...
    [Client 5] Round 1 - Waiting for global weights...
    [Client 31] Round 1 - Training on local data...
    [Client 36] Round 1 - Waiting for global weights...
    [Client 40] Round 1 - Waiting for global weights...
    [Client 5] Round 1 - Training on local data...
    [Client 4] Round 1 - Training on local data...
    [Client 32] Round 1 - Training on local data...
    [Client 38] Round 1 - Training on local data...
    [Client 36] Round 1 - Training on local data...
    [Client 39] Round 1 - Training on local data...
    [Client 37] Round 1 - Training on local data...
    [Client 42] Round 1 - Training on local data...
    [Client 40] Round 1 - Training on local data...
    [Client 43] Round 1 - Training on local data...
    [Client 23] Round 1 - Waiting for global weights...
    [Client 23] Round 1 - Training on local data...
    [Client 30] Round 1 - Waiting for global weights...
    [Client 30] Round 1 - Training on local data...
    [Client 41] Round 1 - Training on local data...
    [Client 21] Round 1 - Waiting for global weights...
    [Client 13] Initializing...
    [Client 13] Starting on host: ng10610
    [Client 20] Round 1 - Training on local data...
    [Client 21] Round 1 - Training on local data...
    [Client 49] Round 1 - Waiting for global weights...
    [Client 48] Round 1 - Training on local data...
    [Client 49] Round 1 - Training on local data...
Loading data from .npy files...
Training set: (50000, 32, 32, 3), Labels: (50000, 1)
Test set:     (10000, 32, 32, 3), Labels: (10000, 1)
[Client 29] Assigned 5 samples (from 29160 to 29165)
Loading data from .npy files...
Training set: (50000, 32, 32, 3), Labels: (50000, 1)
Test set:     (10000, 32, 32, 3), Labels: (10000, 1)
[Client 45] Assigned 1424 samples (from 43311 to 44735)
    [Client 18] System Stats: {'cpu_time': 26.37000000476837, 'ram_used_mb': 2249.654272, 'net_sent_bytes': 37148, 'net_recv_bytes': 27198, 'gpu_mem_used_mb': 38911.0, 'gpu_load': 0.0, 'client_rank': 18, 'round': 1, 'timestamp': '2025-08-12 16:49:45'}
    [Client 37] System Stats: {'cpu_time': 22.280000001192093, 'ram_used_mb': 2241.204224, 'net_sent_bytes': 614, 'net_recv_bytes': 12476, 'gpu_mem_used_mb': 38911.0, 'gpu_load': 0.0, 'client_rank': 37, 'round': 1, 'timestamp': '2025-08-12 16:49:46'}
    [Client 41] System Stats: {'cpu_time': 49.00999999791384, 'ram_used_mb': 2087.50592, 'net_sent_bytes': 194684, 'net_recv_bytes': 154036, 'gpu_mem_used_mb': 38911.0, 'gpu_load': 0.91, 'client_rank': 41, 'round': 1, 'timestamp': '2025-08-12 16:49:46'}
    [Client 29] Round 1 - Waiting for global weights...
    [Client 45] Round 1 - Waiting for global weights...
Loading data from .npy files...
Training set: (50000, 32, 32, 3), Labels: (50000, 1)
Test set:     (10000, 32, 32, 3), Labels: (10000, 1)
[Client 13] Assigned 419 samples (from 16397 to 16816)
    [Client 34] System Stats: {'cpu_time': 17.09999999962747, 'ram_used_mb': 2720.690176, 'net_sent_bytes': 31401, 'net_recv_bytes': 3309306, 'gpu_mem_used_mb': 38937.0, 'gpu_load': 0.0, 'client_rank': 34, 'round': 1, 'timestamp': '2025-08-12 16:49:49'}
    [Client 27] System Stats: {'cpu_time': 76.38999999687076, 'ram_used_mb': 2773.97504, 'net_sent_bytes': 33452, 'net_recv_bytes': 29372, 'gpu_mem_used_mb': 38937.0, 'gpu_load': 0.01, 'client_rank': 27, 'round': 1, 'timestamp': '2025-08-12 16:49:50'}
    [Client 26] System Stats: {'cpu_time': 77.99000000208616, 'ram_used_mb': 2772.537344, 'net_sent_bytes': 44250, 'net_recv_bytes': 46984, 'gpu_mem_used_mb': 38937.0, 'gpu_load': 0.0, 'client_rank': 26, 'round': 1, 'timestamp': '2025-08-12 16:49:50'}
    [Client 34] Statistical Utility: {'client_rank': 34, 'round': 1, 'data_size': 1, 'data_variance': 0.062053728848695755, 'local_loss': 3.513363838195801, 'local_accuracy': 0.0}
    [Client 19] System Stats: {'cpu_time': 25.200000000186265, 'ram_used_mb': 2791.604224, 'net_sent_bytes': 224921, 'net_recv_bytes': 56344512, 'gpu_mem_used_mb': 38937.0, 'gpu_load': 0.0, 'client_rank': 19, 'round': 1, 'timestamp': '2025-08-12 16:49:50'}
    [Client 34] Round 1 - Sending updated weights to server...
    [Client 27] Statistical Utility: {'client_rank': 27, 'round': 1, 'data_size': 9, 'data_variance': 0.06848245114088058, 'local_loss': 2.848198413848877, 'local_accuracy': 11.11111119389534}
    [Client 26] Statistical Utility: {'client_rank': 26, 'round': 1, 'data_size': 25, 'data_variance': 0.06688886880874634, 'local_loss': 2.6747934818267822, 'local_accuracy': 7.999999821186066}
    [Client 27] Round 1 - Sending updated weights to server...
    [Client 26] Round 1 - Sending updated weights to server...
    [Client 13] Round 1 - Waiting for global weights...
    [Client 13] Round 1 - Training on local data...
    [Client 12] Round 1 - Training on local data...
    [Client 44] Round 1 - Training on local data...
    [Client 45] Round 1 - Training on local data...
    [Client 28] Round 1 - Training on local data...
    [Client 29] Round 1 - Training on local data...
    [Client 17] System Stats: {'cpu_time': 33.27000000048429, 'ram_used_mb': 2923.651072, 'net_sent_bytes': 106225, 'net_recv_bytes': 3111719, 'gpu_mem_used_mb': 38937.0, 'gpu_load': 0.0, 'client_rank': 17, 'round': 1, 'timestamp': '2025-08-12 16:49:53'}
    [Client 14] System Stats: {'cpu_time': 42.65000000037253, 'ram_used_mb': 2877.657088, 'net_sent_bytes': 59135, 'net_recv_bytes': 67180, 'gpu_mem_used_mb': 38937.0, 'gpu_load': 0.0, 'client_rank': 14, 'round': 1, 'timestamp': '2025-08-12 16:49:53'}
    [Client 1] System Stats: {'cpu_time': 40.52000000141561, 'ram_used_mb': 2922.78272, 'net_sent_bytes': 63041, 'net_recv_bytes': 52007, 'gpu_mem_used_mb': 38937.0, 'gpu_load': 0.0, 'client_rank': 1, 'round': 1, 'timestamp': '2025-08-12 16:49:53'}
    [Client 3] System Stats: {'cpu_time': 29.490000000223517, 'ram_used_mb': 2874.331136, 'net_sent_bytes': 31043, 'net_recv_bytes': 49725, 'gpu_mem_used_mb': 38937.0, 'gpu_load': 0.0, 'client_rank': 3, 'round': 1, 'timestamp': '2025-08-12 16:49:53'}
    [Client 9] System Stats: {'cpu_time': 47.42999999970198, 'ram_used_mb': 2885.943296, 'net_sent_bytes': 15383, 'net_recv_bytes': 46003, 'gpu_mem_used_mb': 38937.0, 'gpu_load': 0.0, 'client_rank': 9, 'round': 1, 'timestamp': '2025-08-12 16:49:53'}
    [Client 7] System Stats: {'cpu_time': 58.18999999947846, 'ram_used_mb': 2902.106112, 'net_sent_bytes': 3012, 'net_recv_bytes': 40742, 'gpu_mem_used_mb': 38937.0, 'gpu_load': 0.0, 'client_rank': 7, 'round': 1, 'timestamp': '2025-08-12 16:49:53'}
    [Client 6] System Stats: {'cpu_time': 63.769999999552965, 'ram_used_mb': 2863.702016, 'net_sent_bytes': 63382, 'net_recv_bytes': 59851, 'gpu_mem_used_mb': 38937.0, 'gpu_load': 0.0, 'client_rank': 6, 'round': 1, 'timestamp': '2025-08-12 16:49:53'}
    [Client 46] System Stats: {'cpu_time': 16.169999999925494, 'ram_used_mb': 2892.808192, 'net_sent_bytes': 54608, 'net_recv_bytes': 54849, 'gpu_mem_used_mb': 38937.0, 'gpu_load': 0.0, 'client_rank': 46, 'round': 1, 'timestamp': '2025-08-12 16:49:53'}
    [Client 50] System Stats: {'cpu_time': 116.73000000044703, 'ram_used_mb': 2855.452672, 'net_sent_bytes': 3380, 'net_recv_bytes': 41999, 'gpu_mem_used_mb': 38937.0, 'gpu_load': 0.0, 'client_rank': 50, 'round': 1, 'timestamp': '2025-08-12 16:49:53'}
    [Client 24] System Stats: {'cpu_time': 26.66000000014901, 'ram_used_mb': 2942.803968, 'net_sent_bytes': 58571, 'net_recv_bytes': 53300, 'gpu_mem_used_mb': 38937.0, 'gpu_load': 0.0, 'client_rank': 24, 'round': 1, 'timestamp': '2025-08-12 16:49:53'}
    [Client 33] System Stats: {'cpu_time': 26.679999992251396, 'ram_used_mb': 2850.934784, 'net_sent_bytes': 73332, 'net_recv_bytes': 53976, 'gpu_mem_used_mb': 38937.0, 'gpu_load': 0.0, 'client_rank': 33, 'round': 1, 'timestamp': '2025-08-12 16:49:53'}
    [Client 49] System Stats: {'cpu_time': 160.5000000037253, 'ram_used_mb': 2778.476544, 'net_sent_bytes': 21411, 'net_recv_bytes': 46303, 'gpu_mem_used_mb': 38937.0, 'gpu_load': 0.0, 'client_rank': 49, 'round': 1, 'timestamp': '2025-08-12 16:49:53'}
    [Client 10] System Stats: {'cpu_time': 47.65000000037253, 'ram_used_mb': 2942.52544, 'net_sent_bytes': 83780, 'net_recv_bytes': 74301, 'gpu_mem_used_mb': 38937.0, 'gpu_load': 0.0, 'client_rank': 10, 'round': 1, 'timestamp': '2025-08-12 16:49:53'}
    [Client 32] System Stats: {'cpu_time': 23.179999999701977, 'ram_used_mb': 2856.013824, 'net_sent_bytes': 1575, 'net_recv_bytes': 43918, 'gpu_mem_used_mb': 38937.0, 'gpu_load': 0.0, 'client_rank': 32, 'round': 1, 'timestamp': '2025-08-12 16:49:53'}
    [Client 5] System Stats: {'cpu_time': 27.739999998360872, 'ram_used_mb': 2855.985152, 'net_sent_bytes': 50574, 'net_recv_bytes': 48639, 'gpu_mem_used_mb': 38937.0, 'gpu_load': 0.0, 'client_rank': 5, 'round': 1, 'timestamp': '2025-08-12 16:49:53'}
    [Client 2] System Stats: {'cpu_time': 25.929999999701977, 'ram_used_mb': 2948.358144, 'net_sent_bytes': 52072, 'net_recv_bytes': 44549, 'gpu_mem_used_mb': 38937.0, 'gpu_load': 0.0, 'client_rank': 2, 'round': 1, 'timestamp': '2025-08-12 16:49:53'}
    [Client 39] System Stats: {'cpu_time': 125.01999999955297, 'ram_used_mb': 2861.498368, 'net_sent_bytes': 7251, 'net_recv_bytes': 45207, 'gpu_mem_used_mb': 38937.0, 'gpu_load': 0.0, 'client_rank': 39, 'round': 1, 'timestamp': '2025-08-12 16:49:53'}
    [Client 11] System Stats: {'cpu_time': 63.099999997764826, 'ram_used_mb': 2836.230144, 'net_sent_bytes': 1698, 'net_recv_bytes': 39906, 'gpu_mem_used_mb': 38937.0, 'gpu_load': 0.0, 'client_rank': 11, 'round': 1, 'timestamp': '2025-08-12 16:49:54'}
    [Client 47] System Stats: {'cpu_time': 16.66999999433756, 'ram_used_mb': 2862.73536, 'net_sent_bytes': 4190, 'net_recv_bytes': 41375, 'gpu_mem_used_mb': 38937.0, 'gpu_load': 0.0, 'client_rank': 47, 'round': 1, 'timestamp': '2025-08-12 16:49:54'}
    [Client 8] System Stats: {'cpu_time': 47.810000002384186, 'ram_used_mb': 2859.442176, 'net_sent_bytes': 86374, 'net_recv_bytes': 88964, 'gpu_mem_used_mb': 38937.0, 'gpu_load': 0.0, 'client_rank': 8, 'round': 1, 'timestamp': '2025-08-12 16:49:54'}
    [Client 15] System Stats: {'cpu_time': 26.690000000409782, 'ram_used_mb': 2896.625664, 'net_sent_bytes': 26137, 'net_recv_bytes': 50478, 'gpu_mem_used_mb': 38937.0, 'gpu_load': 0.0, 'client_rank': 15, 'round': 1, 'timestamp': '2025-08-12 16:49:54'}
    [Client 20] System Stats: {'cpu_time': 46.02999999932945, 'ram_used_mb': 2842.66496, 'net_sent_bytes': 127946, 'net_recv_bytes': 101692, 'gpu_mem_used_mb': 38937.0, 'gpu_load': 0.0, 'client_rank': 20, 'round': 1, 'timestamp': '2025-08-12 16:49:54'}
    [Client 40] System Stats: {'cpu_time': 72.0300000011921, 'ram_used_mb': 2902.368256, 'net_sent_bytes': 45926, 'net_recv_bytes': 57830, 'gpu_mem_used_mb': 38937.0, 'gpu_load': 0.0, 'client_rank': 40, 'round': 1, 'timestamp': '2025-08-12 16:49:54'}
    [Client 4] System Stats: {'cpu_time': 26.280000001192093, 'ram_used_mb': 2849.521664, 'net_sent_bytes': 68490, 'net_recv_bytes': 69606, 'gpu_mem_used_mb': 38937.0, 'gpu_load': 0.0, 'client_rank': 4, 'round': 1, 'timestamp': '2025-08-12 16:49:54'}
    [Client 38] System Stats: {'cpu_time': 26.650000005960464, 'ram_used_mb': 2911.084544, 'net_sent_bytes': 31919, 'net_recv_bytes': 57898, 'gpu_mem_used_mb': 38937.0, 'gpu_load': 0.0, 'client_rank': 38, 'round': 1, 'timestamp': '2025-08-12 16:49:54'}
    [Client 16] System Stats: {'cpu_time': 37.80000000447035, 'ram_used_mb': 2896.273408, 'net_sent_bytes': 77940, 'net_recv_bytes': 72179, 'gpu_mem_used_mb': 38937.0, 'gpu_load': 0.0, 'client_rank': 16, 'round': 1, 'timestamp': '2025-08-12 16:49:54'}
    [Client 31] System Stats: {'cpu_time': 16.820000000298023, 'ram_used_mb': 2832.130048, 'net_sent_bytes': 35666, 'net_recv_bytes': 45691, 'gpu_mem_used_mb': 38937.0, 'gpu_load': 0.0, 'client_rank': 31, 'round': 1, 'timestamp': '2025-08-12 16:49:54'}
    [Client 36] System Stats: {'cpu_time': 74.48999999836087, 'ram_used_mb': 2890.5472, 'net_sent_bytes': 2591, 'net_recv_bytes': 40364, 'gpu_mem_used_mb': 38937.0, 'gpu_load': 0.0, 'client_rank': 36, 'round': 1, 'timestamp': '2025-08-12 16:49:54'}
    [Client 30] System Stats: {'cpu_time': 176.28999999910593, 'ram_used_mb': 2878.304256, 'net_sent_bytes': 54202, 'net_recv_bytes': 46952, 'gpu_mem_used_mb': 38937.0, 'gpu_load': 0.0, 'client_rank': 30, 'round': 1, 'timestamp': '2025-08-12 16:49:54'}
    [Client 35] System Stats: {'cpu_time': 45.07000000029802, 'ram_used_mb': 2827.169792, 'net_sent_bytes': 31150, 'net_recv_bytes': 72546, 'gpu_mem_used_mb': 38937.0, 'gpu_load': 0.0, 'client_rank': 35, 'round': 1, 'timestamp': '2025-08-12 16:49:54'}
    [Client 21] System Stats: {'cpu_time': 25.96000000089407, 'ram_used_mb': 2912.4608, 'net_sent_bytes': 5933, 'net_recv_bytes': 42503, 'gpu_mem_used_mb': 38937.0, 'gpu_load': 0.0, 'client_rank': 21, 'round': 1, 'timestamp': '2025-08-12 16:49:54'}
    [Client 23] System Stats: {'cpu_time': 198.8100000023842, 'ram_used_mb': 2869.407744, 'net_sent_bytes': 44235, 'net_recv_bytes': 64754, 'gpu_mem_used_mb': 38937.0, 'gpu_load': 0.0, 'client_rank': 23, 'round': 1, 'timestamp': '2025-08-12 16:49:54'}
    [Client 48] System Stats: {'cpu_time': 48.33999999985099, 'ram_used_mb': 2931.707904, 'net_sent_bytes': 17983, 'net_recv_bytes': 60279, 'gpu_mem_used_mb': 38937.0, 'gpu_load': 0.0, 'client_rank': 48, 'round': 1, 'timestamp': '2025-08-12 16:49:55'}
    [Client 43] System Stats: {'cpu_time': 178.35000000149012, 'ram_used_mb': 2910.896128, 'net_sent_bytes': 31307, 'net_recv_bytes': 72314, 'gpu_mem_used_mb': 38937.0, 'gpu_load': 0.0, 'client_rank': 43, 'round': 1, 'timestamp': '2025-08-12 16:49:55'}
    [Client 42] System Stats: {'cpu_time': 22.0, 'ram_used_mb': 2853.859328, 'net_sent_bytes': 934863, 'net_recv_bytes': 229378819, 'gpu_mem_used_mb': 38937.0, 'gpu_load': 0.0, 'client_rank': 42, 'round': 1, 'timestamp': '2025-08-12 16:49:57'}
    [Client 22] System Stats: {'cpu_time': 23.510000000009313, 'ram_used_mb': 2875.568128, 'net_sent_bytes': 996818, 'net_recv_bytes': 265958971, 'gpu_mem_used_mb': 38937.0, 'gpu_load': 0.0, 'client_rank': 22, 'round': 1, 'timestamp': '2025-08-12 16:49:57'}
    [Client 25] System Stats: {'cpu_time': 23.71999999997206, 'ram_used_mb': 2850.664448, 'net_sent_bytes': 954280, 'net_recv_bytes': 269282912, 'gpu_mem_used_mb': 38937.0, 'gpu_load': 0.0, 'client_rank': 25, 'round': 1, 'timestamp': '2025-08-12 16:49:57'}
    [Client 19] Statistical Utility: {'client_rank': 19, 'round': 1, 'data_size': 4, 'data_variance': 0.06639900803565979, 'local_loss': 2.7908287048339844, 'local_accuracy': 0.0}
    [Client 17] Statistical Utility: {'client_rank': 17, 'round': 1, 'data_size': 1057, 'data_variance': 0.06323973089456558, 'local_loss': 2.2725939750671387, 'local_accuracy': 16.367076337337494}
    [Client 19] Round 1 - Sending updated weights to server...
    [Client 28] System Stats: {'cpu_time': 17.349999997764826, 'ram_used_mb': 2790.354944, 'net_sent_bytes': 14851, 'net_recv_bytes': 38194, 'gpu_mem_used_mb': 38937.0, 'gpu_load': 0.0, 'client_rank': 28, 'round': 1, 'timestamp': '2025-08-12 16:49:59'}
    [Client 44] System Stats: {'cpu_time': 10.290000000153668, 'ram_used_mb': 2786.275328, 'net_sent_bytes': 53612, 'net_recv_bytes': 3085441, 'gpu_mem_used_mb': 38937.0, 'gpu_load': 0.0, 'client_rank': 44, 'round': 1, 'timestamp': '2025-08-12 16:49:59'}
    [Client 17] Round 1 - Sending updated weights to server...
    [Client 29] System Stats: {'cpu_time': 48.72000000067055, 'ram_used_mb': 2779.11552, 'net_sent_bytes': 42425, 'net_recv_bytes': 47044, 'gpu_mem_used_mb': 38937.0, 'gpu_load': 0.0, 'client_rank': 29, 'round': 1, 'timestamp': '2025-08-12 16:50:00'}
    [Client 45] System Stats: {'cpu_time': 39.79999999888241, 'ram_used_mb': 2904.39168, 'net_sent_bytes': 54802, 'net_recv_bytes': 4472094, 'gpu_mem_used_mb': 38937.0, 'gpu_load': 0.0, 'client_rank': 45, 'round': 1, 'timestamp': '2025-08-12 16:50:03'}
    [Client 12] System Stats: {'cpu_time': 28.03999999910593, 'ram_used_mb': 2934.657024, 'net_sent_bytes': 49911, 'net_recv_bytes': 3315592, 'gpu_mem_used_mb': 38937.0, 'gpu_load': 0.0, 'client_rank': 12, 'round': 1, 'timestamp': '2025-08-12 16:50:03'}
    [Client 13] System Stats: {'cpu_time': 294.43999999947846, 'ram_used_mb': 2884.77184, 'net_sent_bytes': 126366, 'net_recv_bytes': 120361, 'gpu_mem_used_mb': 38937.0, 'gpu_load': 0.0, 'client_rank': 13, 'round': 1, 'timestamp': '2025-08-12 16:50:04'}
    [Client 49] Statistical Utility: {'client_rank': 49, 'round': 1, 'data_size': 4, 'data_variance': 0.08548388630151749, 'local_loss': 2.5656628608703613, 'local_accuracy': 0.0}
    [Client 3] Statistical Utility: {'client_rank': 3, 'round': 1, 'data_size': 406, 'data_variance': 0.06333733350038528, 'local_loss': 2.870056390762329, 'local_accuracy': 11.330049484968185}
    [Client 9] Statistical Utility: {'client_rank': 9, 'round': 1, 'data_size': 588, 'data_variance': 0.06386807560920715, 'local_loss': 2.3196072578430176, 'local_accuracy': 11.054421961307526}
    [Client 6] Statistical Utility: {'client_rank': 6, 'round': 1, 'data_size': 48, 'data_variance': 0.06125979125499725, 'local_loss': 2.464668035507202, 'local_accuracy': 10.41666641831398}
    [Client 33] Statistical Utility: {'client_rank': 33, 'round': 1, 'data_size': 94, 'data_variance': 0.06492938846349716, 'local_loss': 2.4032142162323, 'local_accuracy': 13.829787075519562}
    [Client 1] Statistical Utility: {'client_rank': 1, 'round': 1, 'data_size': 2767, 'data_variance': 0.06292702257633209, 'local_loss': 3.0702176094055176, 'local_accuracy': 11.962414532899857}
    [Client 46] Statistical Utility: {'client_rank': 46, 'round': 1, 'data_size': 1072, 'data_variance': 0.061639025807380676, 'local_loss': 2.576129674911499, 'local_accuracy': 13.71268630027771}
    [Client 7] Statistical Utility: {'client_rank': 7, 'round': 1, 'data_size': 1096, 'data_variance': 0.0640832781791687, 'local_loss': 2.3247568607330322, 'local_accuracy': 13.594891130924225}
    [Client 50] Statistical Utility: {'client_rank': 50, 'round': 1, 'data_size': 134, 'data_variance': 0.064427450299263, 'local_loss': 2.3156778812408447, 'local_accuracy': 13.432836532592773}
    [Client 14] Statistical Utility: {'client_rank': 14, 'round': 1, 'data_size': 386, 'data_variance': 0.06294906884431839, 'local_loss': 2.7091763019561768, 'local_accuracy': 10.621761530637741}
    [Client 24] Statistical Utility: {'client_rank': 24, 'round': 1, 'data_size': 2511, 'data_variance': 0.062580905854702, 'local_loss': 2.857403516769409, 'local_accuracy': 11.907606571912766}
    [Client 20] Statistical Utility: {'client_rank': 20, 'round': 1, 'data_size': 250, 'data_variance': 0.06398796290159225, 'local_loss': 2.5390117168426514, 'local_accuracy': 11.999999731779099}
    [Client 39] Statistical Utility: {'client_rank': 39, 'round': 1, 'data_size': 332, 'data_variance': 0.06349629908800125, 'local_loss': 2.600001811981201, 'local_accuracy': 12.04819306731224}
    [Client 11] Statistical Utility: {'client_rank': 11, 'round': 1, 'data_size': 180, 'data_variance': 0.06496559083461761, 'local_loss': 2.517303228378296, 'local_accuracy': 10.000000149011612}
    [Client 47] Statistical Utility: {'client_rank': 47, 'round': 1, 'data_size': 314, 'data_variance': 0.06120436638593674, 'local_loss': 2.424675464630127, 'local_accuracy': 8.917197585105896}
    [Client 5] Statistical Utility: {'client_rank': 5, 'round': 1, 'data_size': 582, 'data_variance': 0.06245698034763336, 'local_loss': 2.689483642578125, 'local_accuracy': 11.855670064687729}
    [Client 32] Statistical Utility: {'client_rank': 32, 'round': 1, 'data_size': 680, 'data_variance': 0.06079619377851486, 'local_loss': 2.2801740169525146, 'local_accuracy': 12.058823555707932}
    [Client 8] Statistical Utility: {'client_rank': 8, 'round': 1, 'data_size': 108, 'data_variance': 0.06701762229204178, 'local_loss': 2.487757682800293, 'local_accuracy': 14.814814925193787}
    [Client 15] Statistical Utility: {'client_rank': 15, 'round': 1, 'data_size': 1853, 'data_variance': 0.06296417862176895, 'local_loss': 2.3611412048339844, 'local_accuracy': 18.61845701932907}
    [Client 2] Statistical Utility: {'client_rank': 2, 'round': 1, 'data_size': 2639, 'data_variance': 0.06504157185554504, 'local_loss': 2.6150662899017334, 'local_accuracy': 19.552861154079437}
    [Client 10] Statistical Utility: {'client_rank': 10, 'round': 1, 'data_size': 4180, 'data_variance': 0.06264226138591766, 'local_loss': 2.5308730602264404, 'local_accuracy': 17.464114725589752}
    [Client 40] Statistical Utility: {'client_rank': 40, 'round': 1, 'data_size': 1038, 'data_variance': 0.06306104362010956, 'local_loss': 2.1833760738372803, 'local_accuracy': 19.364161789417267}
    [Client 4] Statistical Utility: {'client_rank': 4, 'round': 1, 'data_size': 455, 'data_variance': 0.06400600075721741, 'local_loss': 2.647080183029175, 'local_accuracy': 11.20879128575325}
    [Client 31] Statistical Utility: {'client_rank': 31, 'round': 1, 'data_size': 351, 'data_variance': 0.0662120059132576, 'local_loss': 2.512280225753784, 'local_accuracy': 11.11111119389534}
    [Client 16] Statistical Utility: {'client_rank': 16, 'round': 1, 'data_size': 2806, 'data_variance': 0.06415335088968277, 'local_loss': 2.6578898429870605, 'local_accuracy': 11.404134333133698}
    [Client 36] Statistical Utility: {'client_rank': 36, 'round': 1, 'data_size': 666, 'data_variance': 0.06261729449033737, 'local_loss': 2.5115644931793213, 'local_accuracy': 12.162162363529205}
    [Client 35] Statistical Utility: {'client_rank': 35, 'round': 1, 'data_size': 138, 'data_variance': 0.056736867874860764, 'local_loss': 2.8052430152893066, 'local_accuracy': 9.42028984427452}
    [Client 30] Statistical Utility: {'client_rank': 30, 'round': 1, 'data_size': 2956, 'data_variance': 0.06423895806074142, 'local_loss': 2.8979406356811523, 'local_accuracy': 14.377537369728088}
    [Client 21] Statistical Utility: {'client_rank': 21, 'round': 1, 'data_size': 1510, 'data_variance': 0.06360620260238647, 'local_loss': 2.388228416442871, 'local_accuracy': 19.40397322177887}
    [Client 38] Statistical Utility: {'client_rank': 38, 'round': 1, 'data_size': 3147, 'data_variance': 0.06294768303632736, 'local_loss': 2.8364527225494385, 'local_accuracy': 15.093739330768585}
    [Client 23] Statistical Utility: {'client_rank': 23, 'round': 1, 'data_size': 1307, 'data_variance': 0.06294497102499008, 'local_loss': 2.3046000003814697, 'local_accuracy': 17.138485610485077}
    [Client 48] Statistical Utility: {'client_rank': 48, 'round': 1, 'data_size': 3741, 'data_variance': 0.06281879544258118, 'local_loss': 3.2650961875915527, 'local_accuracy': 12.857525050640106}
    [Client 43] Statistical Utility: {'client_rank': 43, 'round': 1, 'data_size': 4597, 'data_variance': 0.06286045163869858, 'local_loss': 2.952512502670288, 'local_accuracy': 14.596475660800934}
    [Client 42] Statistical Utility: {'client_rank': 42, 'round': 1, 'data_size': 118, 'data_variance': 0.0599326454102993, 'local_loss': 2.5159482955932617, 'local_accuracy': 8.474576473236084}
    [Client 22] Statistical Utility: {'client_rank': 22, 'round': 1, 'data_size': 567, 'data_variance': 0.0647309347987175, 'local_loss': 2.3683483600616455, 'local_accuracy': 14.638447761535645}
    [Client 25] Statistical Utility: {'client_rank': 25, 'round': 1, 'data_size': 56, 'data_variance': 0.0662066712975502, 'local_loss': 2.8952903747558594, 'local_accuracy': 1.785714365541935}
    [Client 28] Statistical Utility: {'client_rank': 28, 'round': 1, 'data_size': 3, 'data_variance': 0.0851004421710968, 'local_loss': 2.593977212905884, 'local_accuracy': 33.33333432674408}
    [Client 44] Statistical Utility: {'client_rank': 44, 'round': 1, 'data_size': 28, 'data_variance': 0.06058778613805771, 'local_loss': 2.540461301803589, 'local_accuracy': 10.71428582072258}
    [Client 29] Statistical Utility: {'client_rank': 29, 'round': 1, 'data_size': 5, 'data_variance': 0.04498071223497391, 'local_loss': 2.5332694053649902, 'local_accuracy': 0.0}
    [Client 45] Statistical Utility: {'client_rank': 45, 'round': 1, 'data_size': 1424, 'data_variance': 0.06362372636795044, 'local_loss': 2.5475223064422607, 'local_accuracy': 10.112359374761581}
    [Client 12] Statistical Utility: {'client_rank': 12, 'round': 1, 'data_size': 3348, 'data_variance': 0.06373891979455948, 'local_loss': 2.5842440128326416, 'local_accuracy': 14.725209772586823}
    [Client 49] Round 1 - Sending updated weights to server...
    [Client 28] Round 1 - Sending updated weights to server...
    [Client 29] Round 1 - Sending updated weights to server...
    [Client 44] Round 1 - Sending updated weights to server...
    [Client 6] Round 1 - Sending updated weights to server...
    [Client 25] Round 1 - Sending updated weights to server...
    [Client 3] Round 1 - Sending updated weights to server...
    [Client 9] Round 1 - Sending updated weights to server...
    [Client 33] Round 1 - Sending updated weights to server...
    [Client 5] Round 1 - Sending updated weights to server...
    [Client 50] Round 1 - Sending updated weights to server...
    [Client 7] Round 1 - Sending updated weights to server...
    [Client 4] Round 1 - Sending updated weights to server...
    [Client 36] Round 1 - Sending updated weights to server...
    [Client 31] Round 1 - Sending updated weights to server...
    [Client 35] Round 1 - Sending updated weights to server...
    [Client 14] Round 1 - Sending updated weights to server...
    [Client 24] Round 1 - Sending updated weights to server...
    [Client 1] Round 1 - Sending updated weights to server...
    [Client 2] Round 1 - Sending updated weights to server...
Received weights from client 1
Waiting for model weights from client 2...
Received weights from client 2
Waiting for model weights from client 3...
Received weights from client 3
Waiting for model weights from client 4...
Received weights from client 4
Waiting for model weights from client 5...
Received weights from client 5
Waiting for model weights from client 6...
    [Client 23] Round 1 - Sending updated weights to server...
Received weights from client 6
Waiting for model weights from client 7...
Received weights from client 7
Waiting for model weights from client 8...
    [Client 45] Round 1 - Sending updated weights to server...
    [Client 40] Round 1 - Sending updated weights to server...
    [Client 32] Round 1 - Sending updated weights to server...
    [Client 48] Round 1 - Sending updated weights to server...
    [Client 8] Round 1 - Sending updated weights to server...
    [Client 11] Round 1 - Sending updated weights to server...
    [Client 12] Round 1 - Sending updated weights to server...
    [Client 10] Round 1 - Sending updated weights to server...
Received weights from client 8
Waiting for model weights from client 9...
Received weights from client 9
Waiting for model weights from client 10...
Received weights from client 10
Waiting for model weights from client 11...
    [Client 39] Round 1 - Sending updated weights to server...
Received weights from client 11
Waiting for model weights from client 12...
    [Client 47] Round 1 - Sending updated weights to server...
Received weights from client 12
Waiting for model weights from client 13...
    [Client 20] Round 1 - Sending updated weights to server...
    [Client 38] Round 1 - Sending updated weights to server...
    [Client 46] Round 1 - Sending updated weights to server...
    [Client 42] Round 1 - Sending updated weights to server...
    [Client 15] Round 1 - Sending updated weights to server...
    [Client 30] Round 1 - Sending updated weights to server...
    [Client 22] Round 1 - Sending updated weights to server...
    [Client 16] Round 1 - Sending updated weights to server...
    [Client 21] Round 1 - Sending updated weights to server...
    [Client 5] Round 2 - Waiting for global weights...
    [Client 1] Round 2 - Waiting for global weights...
    [Client 2] Round 2 - Waiting for global weights...
    [Client 3] Round 2 - Waiting for global weights...
    [Client 4] Round 2 - Waiting for global weights...
    [Client 6] Round 2 - Waiting for global weights...
    [Client 7] Round 2 - Waiting for global weights...
    [Client 9] Round 2 - Waiting for global weights...
    [Client 10] Round 2 - Waiting for global weights...
    [Client 11] Round 2 - Waiting for global weights...
    [Client 12] Round 2 - Waiting for global weights...
    [Client 8] Round 2 - Waiting for global weights...
    [Client 43] Round 1 - Sending updated weights to server...
    [Client 13] Statistical Utility: {'client_rank': 13, 'round': 1, 'data_size': 419, 'data_variance': 0.06319956481456757, 'local_loss': 2.4983267784118652, 'local_accuracy': 10.739856958389282}
    [Client 13] Round 1 - Sending updated weights to server...
Received weights from client 13
Waiting for model weights from client 14...
Received weights from client 14
Waiting for model weights from client 15...
Received weights from client 15
Waiting for model weights from client 16...
Received weights from client 16
Waiting for model weights from client 17...
Received weights from client 17
Waiting for model weights from client 18...
    [Client 13] Round 2 - Waiting for global weights...
    [Client 14] Round 2 - Waiting for global weights...
    [Client 15] Round 2 - Waiting for global weights...
    [Client 17] Round 2 - Waiting for global weights...
    [Client 16] Round 2 - Waiting for global weights...
